Archive member included to satisfy reference by file (symbol)

c:/program files (x86)/atmel/studio/7.0/toolchain/avr8/avr8-gnu-toolchain/bin/../lib/gcc/avr/4.9.2/avrxmega6\libgcc.a(_udivmodhi4.o)
                              src/ASF/xmega/drivers/usb/usb_device.o (__udivmodhi4)
c:/program files (x86)/atmel/studio/7.0/toolchain/avr8/avr8-gnu-toolchain/bin/../lib/gcc/avr/4.9.2/avrxmega6\libgcc.a(_exit.o)
                              C:/Program Files (x86)/Atmel/Studio/7.0/Packs/atmel/XMEGAA_DFP/1.0.38/gcc/dev/atxmega128a3u/avrxmega6/crtatxmega128a3u.o (exit)
c:/program files (x86)/atmel/studio/7.0/toolchain/avr8/avr8-gnu-toolchain/bin/../lib/gcc/avr/4.9.2/avrxmega6\libgcc.a(_tablejump2.o)
                              src/ASF/xmega/drivers/usb/usb_device.o (__tablejump2__)
c:/program files (x86)/atmel/studio/7.0/toolchain/avr8/avr8-gnu-toolchain/bin/../lib/gcc/avr/4.9.2/avrxmega6\libgcc.a(_copy_data.o)
                              src/ASF/common/services/usb/class/hid/device/mouse/udi_hid_mouse.o (__do_copy_data)
c:/program files (x86)/atmel/studio/7.0/toolchain/avr8/avr8-gnu-toolchain/bin/../lib/gcc/avr/4.9.2/avrxmega6\libgcc.a(_clear_bss.o)
                              src/ASF/common/services/usb/class/hid/device/mouse/udi_hid_mouse.o (__do_clear_bss)
c:/program files (x86)/atmel/studio/7.0/toolchain/avr8/avr8-gnu-toolchain/bin/../lib/gcc/avr/4.9.2/../../../../avr/lib/avrxmega6\libc.a(memcpy.o)
                              src/ASF/xmega/drivers/usb/usb_device.o (memcpy)

Allocating common symbols
Common symbol       size              file

udd_g_ctrlreq       0x10              src/ASF/xmega/drivers/usb/usb_device.o
sleepmgr_locks      0x6               src/ASF/common/services/sleepmgr/xmega/sleepmgr.o

Discarded input sections

 .data          0x00000000        0x0 C:/Program Files (x86)/Atmel/Studio/7.0/Packs/atmel/XMEGAA_DFP/1.0.38/gcc/dev/atxmega128a3u/avrxmega6/crtatxmega128a3u.o
 .bss           0x00000000        0x0 C:/Program Files (x86)/Atmel/Studio/7.0/Packs/atmel/XMEGAA_DFP/1.0.38/gcc/dev/atxmega128a3u/avrxmega6/crtatxmega128a3u.o
 .group         0x00000000        0x8 main.o
 .group         0x00000000        0x8 main.o
 .group         0x00000000        0x8 main.o
 .group         0x00000000        0x8 main.o
 .group         0x00000000        0x8 main.o
 .group         0x00000000        0x8 main.o
 .group         0x00000000        0x8 main.o
 .group         0x00000000        0x8 main.o
 .group         0x00000000        0x8 main.o
 .group         0x00000000        0x8 main.o
 .group         0x00000000        0x8 main.o
 .group         0x00000000        0x8 main.o
 .group         0x00000000        0x8 main.o
 .group         0x00000000        0x8 main.o
 .group         0x00000000        0x8 main.o
 .group         0x00000000        0x8 main.o
 .group         0x00000000        0x8 main.o
 .group         0x00000000        0x8 main.o
 .group         0x00000000        0x8 main.o
 .group         0x00000000        0x8 main.o
 .group         0x00000000        0x8 main.o
 .group         0x00000000        0x8 main.o
 .group         0x00000000        0x8 main.o
 .group         0x00000000        0x8 main.o
 .group         0x00000000        0x8 main.o
 .group         0x00000000        0x8 main.o
 .group         0x00000000        0x8 main.o
 .group         0x00000000        0x8 main.o
 .group         0x00000000        0x8 main.o
 .group         0x00000000        0x8 main.o
 .group         0x00000000        0x8 main.o
 .group         0x00000000        0x8 main.o
 .group         0x00000000        0x8 main.o
 .group         0x00000000        0x8 main.o
 .group         0x00000000        0x8 main.o
 .group         0x00000000        0x8 main.o
 .group         0x00000000        0x8 main.o
 .group         0x00000000        0x8 main.o
 .group         0x00000000        0x8 main.o
 .group         0x00000000        0x8 main.o
 .group         0x00000000        0x8 main.o
 .group         0x00000000        0x8 main.o
 .group         0x00000000        0x8 main.o
 .group         0x00000000        0x8 main.o
 .group         0x00000000        0x8 main.o
 .group         0x00000000        0x8 main.o
 .group         0x00000000        0x8 main.o
 .group         0x00000000        0x8 main.o
 .group         0x00000000        0x8 main.o
 .group         0x00000000        0x8 main.o
 .group         0x00000000        0x8 main.o
 .group         0x00000000        0x8 main.o
 .group         0x00000000        0x8 main.o
 .group         0x00000000        0x8 main.o
 .text          0x00000000        0x0 main.o
 .data          0x00000000        0x0 main.o
 .bss           0x00000000        0x0 main.o
 .group         0x00000000        0x8 src/ASF/common/services/usb/class/hid/device/mouse/udi_hid_mouse.o
 .group         0x00000000        0x8 src/ASF/common/services/usb/class/hid/device/mouse/udi_hid_mouse.o
 .group         0x00000000        0x8 src/ASF/common/services/usb/class/hid/device/mouse/udi_hid_mouse.o
[...]
Memory Configuration

Name             Origin             Length             Attributes
text             0x00000000         0x00100000         xr
data             0x00802000         0x0000ffa0         rw !x
eeprom           0x00810000         0x00010000         rw !x
fuse             0x00820000         0x00000400         rw !x
lock             0x00830000         0x00000400         rw !x
signature        0x00840000         0x00000400         rw !x
user_signatures  0x00850000         0x00000400         rw !x
*default*        0x00000000         0xffffffff

Linker script and memory map

LOAD C:/Program Files (x86)/Atmel/Studio/7.0/Packs/atmel/XMEGAA_DFP/1.0.38/gcc/dev/atxmega128a3u/avrxmega6/crtatxmega128a3u.o
LOAD main.o
LOAD src/ASF/common/services/usb/class/hid/device/mouse/udi_hid_mouse.o
LOAD src/ASF/common/services/usb/udc/udc.o
LOAD src/ASF/xmega/drivers/usb/usb_device.o
LOAD src/ASF/common/services/usb/class/hid/device/mouse/udi_hid_mouse_desc.o
LOAD src/ASF/common/services/usb/class/hid/device/udi_hid.o
LOAD src/ASF/common/services/sleepmgr/xmega/sleepmgr.o
LOAD src/ASF/common/services/clock/xmega/sysclk.o
LOAD src/ASF/xmega/drivers/nvm/nvm.o
LOAD src/ASF/xmega/drivers/nvm/nvm_asm.o
LOAD src/ASF/xmega/drivers/cpu/ccp.o
LOAD src/ASF/common/services/ioport/xmega/ioport_compat.o
LOAD src/ASF/xmega/boards/stk600/rc064x/init.o
START GROUP
LOAD c:/program files (x86)/atmel/studio/7.0/toolchain/avr8/avr8-gnu-toolchain/bin/../lib/gcc/avr/4.9.2/../../../../avr/lib/avrxmega6\libm.a
END GROUP
Address of section .BOOT set to 0x20000
START GROUP
LOAD c:/program files (x86)/atmel/studio/7.0/toolchain/avr8/avr8-gnu-toolchain/bin/../lib/gcc/avr/4.9.2/avrxmega6\libgcc.a
LOAD c:/program files (x86)/atmel/studio/7.0/toolchain/avr8/avr8-gnu-toolchain/bin/../lib/gcc/avr/4.9.2/../../../../avr/lib/avrxmega6\libm.a
LOAD c:/program files (x86)/atmel/studio/7.0/toolchain/avr8/avr8-gnu-toolchain/bin/../lib/gcc/avr/4.9.2/../../../../avr/lib/avrxmega6\libc.a
LOAD C:/Program Files (x86)/Atmel/Studio/7.0/Packs/atmel/XMEGAA_DFP/1.0.38/gcc/dev/atxmega128a3u/avrxmega6\libatxmega128a3u.a
END GROUP

.hash
 *(.hash)

.dynsym
 *(.dynsym)

.dynstr
 *(.dynstr)

.gnu.version
 *(.gnu.version)

.gnu.version_d
 *(.gnu.version_d)

.gnu.version_r
 *(.gnu.version_r)

.rel.init
 *(.rel.init)

.rela.init
 *(.rela.init)

.rel.text
 *(.rel.text)
 *(.rel.text.*)
 *(.rel.gnu.linkonce.t*)

.rela.text
 *(.rela.text)
 *(.rela.text.*)
 *(.rela.gnu.linkonce.t*)

.rel.fini
 *(.rel.fini)

.rela.fini
 *(.rela.fini)

.rel.rodata
 *(.rel.rodata)
 *(.rel.rodata.*)
 *(.rel.gnu.linkonce.r*)

.rela.rodata
 *(.rela.rodata)
 *(.rela.rodata.*)
 *(.rela.gnu.linkonce.r*)

.rel.data
 *(.rel.data)
 *(.rel.data.*)
 *(.rel.gnu.linkonce.d*)

.rela.data
 *(.rela.data)
 *(.rela.data.*)
 *(.rela.gnu.linkonce.d*)

.rel.ctors
 *(.rel.ctors)

.rela.ctors
 *(.rela.ctors)

.rel.dtors
 *(.rel.dtors)

.rela.dtors
 *(.rela.dtors)

.rel.got
 *(.rel.got)

.rela.got
 *(.rela.got)

.rel.bss
 *(.rel.bss)

.rela.bss
 *(.rela.bss)

.rel.plt
 *(.rel.plt)

.rela.plt
 *(.rela.plt)

.text           0x00000000     0x1a36
 *(.vectors)
 .vectors       0x00000000      0x1fc C:/Program Files (x86)/Atmel/Studio/7.0/Packs/atmel/XMEGAA_DFP/1.0.38/gcc/dev/atxmega128a3u/avrxmega6/crtatxmega128a3u.o
                0x00000000                __vector_default
                0x00000000                __vectors
 *(.vectors)
 *(.progmem.gcc*)
 .progmem.gcc_sw_table.udd_ep_get_size
                0x000001fc        0xe src/ASF/xmega/drivers/usb/usb_device.o
                0x0000020a                . = ALIGN (0x2)
                0x0000020a                __trampolines_start = .
 *(.trampolines)
 .trampolines   0x0000020a        0x0 linker stubs
 *(.trampolines*)
                0x0000020a                __trampolines_end = .
 *(.progmem*)
                0x0000020a                . = ALIGN (0x2)
 *(.jumptables)
 *(.jumptables*)
 *(.lowtext)
 *(.lowtext*)
                0x0000020a                __ctors_start = .
 *(.ctors)
                0x0000020a                __ctors_end = .
                0x0000020a                __dtors_start = .
 *(.dtors)
                0x0000020a                __dtors_end = .
 SORT(*)(.ctors)
 SORT(*)(.dtors)
 *(.init0)
 .init0         0x0000020a        0x0 C:/Program Files (x86)/Atmel/Studio/7.0/Packs/atmel/XMEGAA_DFP/1.0.38/gcc/dev/atxmega128a3u/avrxmega6/crtatxmega128a3u.o
                0x0000020a                __init
 *(.init0)
 *(.init1)
 *(.init1)
 *(.init2)
 .init2         0x0000020a       0x10 C:/Program Files (x86)/Atmel/Studio/7.0/Packs/atmel/XMEGAA_DFP/1.0.38/gcc/dev/atxmega128a3u/avrxmega6/crtatxmega128a3u.o
 *(.init2)
 *(.init3)
 *(.init3)
 *(.init4)
 .init4         0x0000021a       0x1a c:/program files (x86)/atmel/studio/7.0/toolchain/avr8/avr8-gnu-toolchain/bin/../lib/gcc/avr/4.9.2/avrxmega6\libgcc.a(_copy_data.o)
                0x0000021a                __do_copy_data
 .init4         0x00000234       0x10 c:/program files (x86)/atmel/studio/7.0/toolchain/avr8/avr8-gnu-toolchain/bin/../lib/gcc/avr/4.9.2/avrxmega6\libgcc.a(_clear_bss.o)
                0x00000234                __do_clear_bss
 *(.init4)
 *(.init5)
 *(.init5)
 *(.init6)
 *(.init6)
 *(.init7)
 *(.init7)
 *(.init8)
 *(.init8)
 *(.init9)
 .init9         0x00000244        0x6 C:/Program Files (x86)/Atmel/Studio/7.0/Packs/atmel/XMEGAA_DFP/1.0.38/gcc/dev/atxmega128a3u/avrxmega6/crtatxmega128a3u.o
 *(.init9)
 *(.text)
 .text          0x0000024a        0x2 C:/Program Files (x86)/Atmel/Studio/7.0/Packs/atmel/XMEGAA_DFP/1.0.38/gcc/dev/atxmega128a3u/avrxmega6/crtatxmega128a3u.o
                0x0000024a                __vector_38
                0x0000024a                __vector_104
                0x0000024a                __vector_22
                0x0000024a                __vector_63
                0x0000024a                __vector_28
                0x0000024a                __vector_67
                0x0000024a                __vector_1
                0x0000024a                __vector_119
                0x0000024a                __vector_32
                0x0000024a                __vector_75
                0x0000024a                __vector_71
                0x0000024a                __vector_91
                0x0000024a                __vector_34
                0x0000024a                __vector_62
                0x0000024a                __vector_77
                0x0000024a                __vector_102
                0x0000024a                __vector_24
                0x0000024a                __vector_12
                0x0000024a                __vector_55
                0x0000024a                __vector_69
                0x0000024a                __vector_81
                0x0000024a                __vector_90
                0x0000024a                __vector_46
                0x0000024a                __bad_interrupt
                0x0000024a                __vector_122
                0x0000024a                __vector_72
                0x0000024a                __vector_114
                0x0000024a                __vector_6
                0x0000024a                __vector_110
                0x0000024a                __vector_31
                0x0000024a                __vector_92
                0x0000024a                __vector_35
                0x0000024a                __vector_78
                0x0000024a                __vector_74
                0x0000024a                __vector_117
                0x0000024a                __vector_39
                0x0000024a                __vector_107
                0x0000024a                __vector_3
                0x0000024a                __vector_105
                0x0000024a                __vector_98
                0x0000024a                __vector_23
                0x0000024a                __vector_68
                0x0000024a                __vector_30
                0x0000024a                __vector_73
                0x0000024a                __vector_45
                0x0000024a                __vector_25
                0x0000024a                __vector_93
                0x0000024a                __vector_61
                0x0000024a                __vector_11
                0x0000024a                __vector_54
                0x0000024a                __vector_99
                0x0000024a                __vector_13
                0x0000024a                __vector_17
                0x0000024a                __vector_19
                0x0000024a                __vector_56
                0x0000024a                __vector_7
                0x0000024a                __vector_49
                0x0000024a                __vector_123
                0x0000024a                __vector_41
                0x0000024a                __vector_86
                0x0000024a                __vector_100
                0x0000024a                __vector_101
                0x0000024a                __vector_64
                0x0000024a                __vector_88
                0x0000024a                __vector_109
                0x0000024a                __vector_43
                0x0000024a                __vector_27
                0x0000024a                __vector_5
                0x0000024a                __vector_113
                0x0000024a                __vector_33
                0x0000024a                __vector_76
                0x0000024a                __vector_115
                0x0000024a                __vector_47
                0x0000024a                __vector_52
                0x0000024a                __vector_37
                0x0000024a                __vector_95
                0x0000024a                __vector_103
                0x0000024a                __vector_96
                0x0000024a                __vector_89
                0x0000024a                __vector_108
                0x0000024a                __vector_4
                0x0000024a                __vector_44
                0x0000024a                __vector_82
                0x0000024a                __vector_106
                0x0000024a                __vector_118
                0x0000024a                __vector_51
                0x0000024a                __vector_9
                0x0000024a                __vector_2
                0x0000024a                __vector_21
                0x0000024a                __vector_15
                0x0000024a                __vector_66
                0x0000024a                __vector_36
                0x0000024a                __vector_79
                0x0000024a                __vector_58
                0x0000024a                __vector_70
                0x0000024a                __vector_83
                0x0000024a                __vector_29
                0x0000024a                __vector_60
                0x0000024a                __vector_121
                0x0000024a                __vector_40
                0x0000024a                __vector_85
                0x0000024a                __vector_94
                0x0000024a                __vector_8
                0x0000024a                __vector_26
                0x0000024a                __vector_48
                0x0000024a                __vector_124
                0x0000024a                __vector_116
                0x0000024a                __vector_112
                0x0000024a                __vector_111
                0x0000024a                __vector_80
                0x0000024a                __vector_14
                0x0000024a                __vector_84
                0x0000024a                __vector_57
                0x0000024a                __vector_53
                0x0000024a                __vector_10
                0x0000024a                __vector_50
                0x0000024a                __vector_16
                0x0000024a                __vector_59
                0x0000024a                __vector_18
                0x0000024a                __vector_97
                0x0000024a                __vector_20
                0x0000024a                __vector_42
                0x0000024a                __vector_87
                0x0000024a                __vector_65
                0x0000024a                __vector_120
                0x0000024c                . = ALIGN (0x2)
 *(.text.*)
 .text.main     0x0000024c       0x40 main.o
                0x0000024c                main
 .text.udi_hid_mouse_disable
                0x0000028c        0x2 src/ASF/common/services/usb/class/hid/device/mouse/udi_hid_mouse.o
                0x0000028c                udi_hid_mouse_disable
 .text.udi_hid_mouse_getsetting
                0x0000028e        0x4 src/ASF/common/services/usb/class/hid/device/mouse/udi_hid_mouse.o
                0x0000028e                udi_hid_mouse_getsetting
 .text.udi_hid_mouse_setreport
                0x00000292        0x4 src/ASF/common/services/usb/class/hid/device/mouse/udi_hid_mouse.o
 .text.udi_hid_mouse_enable
                0x00000296       0x24 src/ASF/common/services/usb/class/hid/device/mouse/udi_hid_mouse.o
                0x00000296                udi_hid_mouse_enable
 .text.udi_hid_mouse_setup
                0x000002ba       0x16 src/ASF/common/services/usb/class/hid/device/mouse/udi_hid_mouse.o
                0x000002ba                udi_hid_mouse_setup
 .text.udc_next_desc_in_iface
                0x000002d0       0x64 src/ASF/common/services/usb/udc/udc.o
 .text.udc_valid_address
                0x00000334        0xa src/ASF/common/services/usb/udc/udc.o
 .text.udc_update_iface_desc
                0x0000033e       0x74 src/ASF/common/services/usb/udc/udc.o
 .text.udc_iface_disable
                0x000003b2       0x82 src/ASF/common/services/usb/udc/udc.o
 .text.udc_iface_enable
                0x00000434       0x64 src/ASF/common/services/usb/udc/udc.o
 .text.udc_get_interface_desc
                0x00000498        0xa src/ASF/common/services/usb/udc/udc.o
                0x00000498                udc_get_interface_desc
 .text.udc_start
                0x000004a2        0x4 src/ASF/common/services/usb/udc/udc.o
                0x000004a2                udc_start
 .text.udc_reset
                0x000004a6       0x4e src/ASF/common/services/usb/udc/udc.o
                0x000004a6                udc_reset
 .text.udc_sof_notify
                0x000004f4       0x60 src/ASF/common/services/usb/udc/udc.o
                0x000004f4                udc_sof_notify
 .text.udc_process_setup
                0x00000554      0x4ac src/ASF/common/services/usb/udc/udc.o
                0x00000554                udc_process_setup
 .text.udd_sleep_mode
                0x00000a00       0x52 src/ASF/xmega/drivers/usb/usb_device.o
 .text.udd_ctrl_init
                0x00000a52       0x4e src/ASF/xmega/drivers/usb/usb_device.o
 .text.udd_ctrl_stall_data
                0x00000aa0       0x1c src/ASF/xmega/drivers/usb/usb_device.o
 .text.udd_ctrl_send_zlp_in
                0x00000abc       0x1c src/ASF/xmega/drivers/usb/usb_device.o
 .text.udd_ctrl_endofrequest
                0x00000ad8       0x10 src/ASF/xmega/drivers/usb/usb_device.o
 .text.udd_ctrl_in_sent
                0x00000ae8       0xd8 src/ASF/xmega/drivers/usb/usb_device.o
 .text.udd_ep_get_size
                0x00000bc0       0x50 src/ASF/xmega/drivers/usb/usb_device.o
 .text.udd_ep_get_job
                0x00000c10       0x36 src/ASF/xmega/drivers/usb/usb_device.o
 .text.udd_ctrl_interrupt_tc_setup
                0x00000c46       0xde src/ASF/xmega/drivers/usb/usb_device.o
 .text.udd_ep_trans_complet
                0x00000d24      0x2b4 src/ASF/xmega/drivers/usb/usb_device.o
 .text.udd_attach
                0x00000fd8       0x46 src/ASF/xmega/drivers/usb/usb_device.o
                0x00000fd8                udd_attach
 .text.udd_enable
                0x0000101e       0xbe src/ASF/xmega/drivers/usb/usb_device.o
                0x0000101e                udd_enable
 .text.udd_set_address
                0x000010dc        0x6 src/ASF/xmega/drivers/usb/usb_device.o
                0x000010dc                udd_set_address
 .text.udd_getaddress
                0x000010e2        0x6 src/ASF/xmega/drivers/usb/usb_device.o
                0x000010e2                udd_getaddress
 .text.udd_set_setup_payload
                0x000010e8        0xe src/ASF/xmega/drivers/usb/usb_device.o
                0x000010e8                udd_set_setup_payload
 .text.udd_ep_alloc
                0x000010f6      0x122 src/ASF/xmega/drivers/usb/usb_device.o
                0x000010f6                udd_ep_alloc
 .text.udd_ep_is_halted
                0x00001218       0x36 src/ASF/xmega/drivers/usb/usb_device.o
                0x00001218                udd_ep_is_halted
 .text.udd_ep_clear_halt
                0x0000124e       0x84 src/ASF/xmega/drivers/usb/usb_device.o
                0x0000124e                udd_ep_clear_halt
 .text.udd_ep_abort
                0x000012d2       0x92 src/ASF/xmega/drivers/usb/usb_device.o
                0x000012d2                udd_ep_abort
 .text.udd_ep_free
                0x00001364       0x38 src/ASF/xmega/drivers/usb/usb_device.o
                0x00001364                udd_ep_free
 .text.udd_ep_set_halt
                0x0000139c       0x3a src/ASF/xmega/drivers/usb/usb_device.o
                0x0000139c                udd_ep_set_halt
 .text.__vector_125
                0x000013d6      0x15e src/ASF/xmega/drivers/usb/usb_device.o
                0x000013d6                __vector_125
 .text.__vector_126
                0x00001534      0x1dc src/ASF/xmega/drivers/usb/usb_device.o
                0x00001534                __vector_126
 .text.udi_hid_setup
                0x00001710      0x136 src/ASF/common/services/usb/class/hid/device/udi_hid.o
                0x00001710                udi_hid_setup
 .text.sysclk_init
                0x00001846       0x20 src/ASF/common/services/clock/xmega/sysclk.o
                0x00001846                sysclk_init
 .text.sysclk_enable_module
                0x00001866       0x18 src/ASF/common/services/clock/xmega/sysclk.o
                0x00001866                sysclk_enable_module
 .text.sysclk_enable_usb
                0x0000187e       0x38 src/ASF/common/services/clock/xmega/sysclk.o
                0x0000187e                sysclk_enable_usb
 .text.nvm_read_byte
                0x000018b6       0x14 src/ASF/xmega/drivers/nvm/nvm_asm.o
                0x000018b6                nvm_read_byte
 .text.ccp_write_io
                0x000018ca        0xc src/ASF/xmega/drivers/cpu/ccp.o
                0x000018ca                ccp_write_io
 .text.ioport_configure_port_pin
                0x000018d6       0x50 src/ASF/common/services/ioport/xmega/ioport_compat.o
                0x000018d6                ioport_configure_port_pin
 .text.board_init
                0x00001926       0xc2 src/ASF/xmega/boards/stk600/rc064x/init.o
                0x00001926                board_init
 .text.libgcc.div
                0x000019e8       0x28 c:/program files (x86)/atmel/studio/7.0/toolchain/avr8/avr8-gnu-toolchain/bin/../lib/gcc/avr/4.9.2/avrxmega6\libgcc.a(_udivmodhi4.o)
                0x000019e8                __udivmodhi4
 .text.libgcc   0x00001a10       0x10 c:/program files (x86)/atmel/studio/7.0/toolchain/avr8/avr8-gnu-toolchain/bin/../lib/gcc/avr/4.9.2/avrxmega6\libgcc.a(_tablejump2.o)
                0x00001a10                __tablejump2__
 .text.avr-libc
                0x00001a20       0x12 c:/program files (x86)/atmel/studio/7.0/toolchain/avr8/avr8-gnu-toolchain/bin/../lib/gcc/avr/4.9.2/../../../../avr/lib/avrxmega6\libc.a(memcpy.o)
                0x00001a20                memcpy
                0x00001a32                . = ALIGN (0x2)
 *(.fini9)
 .fini9         0x00001a32        0x0 c:/program files (x86)/atmel/studio/7.0/toolchain/avr8/avr8-gnu-toolchain/bin/../lib/gcc/avr/4.9.2/avrxmega6\libgcc.a(_exit.o)
                0x00001a32                _exit
                0x00001a32                exit
 *(.fini9)
 *(.fini8)
 *(.fini8)
 *(.fini7)
 *(.fini7)
 *(.fini6)
 *(.fini6)
 *(.fini5)
 *(.fini5)
 *(.fini4)
 *(.fini4)
 *(.fini3)
 *(.fini3)
 *(.fini2)
 *(.fini2)
 *(.fini1)
 *(.fini1)
 *(.fini0)
 .fini0         0x00001a32        0x4 c:/program files (x86)/atmel/studio/7.0/toolchain/avr8/avr8-gnu-toolchain/bin/../lib/gcc/avr/4.9.2/avrxmega6\libgcc.a(_exit.o)
 *(.fini0)
                0x00001a36                _etext = .

.data           0x00802000       0x82 load address 0x00001a36
                0x00802000                PROVIDE (__data_start, .)
 *(.data)
 *(.data*)
 .data.udi_hid_mouse_report_desc
                0x00802000       0x34 src/ASF/common/services/usb/class/hid/device/mouse/udi_hid_mouse.o
                0x00802000                udi_hid_mouse_report_desc
 .data.udi_api_hid_mouse
                0x00802034        0xa src/ASF/common/services/usb/class/hid/device/mouse/udi_hid_mouse.o
                0x00802034                udi_api_hid_mouse
 .data.udc_string_desc_languageid
                0x0080203e        0x4 src/ASF/common/services/usb/udc/udc.o
 .data.udc_config
                0x00802042        0x6 src/ASF/common/services/usb/class/hid/device/mouse/udi_hid_mouse_desc.o
                0x00802042                udc_config
 .data.udc_config_fshs
                0x00802048        0x4 src/ASF/common/services/usb/class/hid/device/mouse/udi_hid_mouse_desc.o
                0x00802048                udc_config_fshs
 .data.udi_apis
                0x0080204c        0x2 src/ASF/common/services/usb/class/hid/device/mouse/udi_hid_mouse_desc.o
                0x0080204c                udi_apis
 .data.udc_desc
                0x0080204e       0x22 src/ASF/common/services/usb/class/hid/device/mouse/udi_hid_mouse_desc.o
                0x0080204e                udc_desc
 .data.udc_device_desc
                0x00802070       0x12 src/ASF/common/services/usb/class/hid/device/mouse/udi_hid_mouse_desc.o
                0x00802070                udc_device_desc
 *(.rodata)
 *(.rodata*)
 *(.gnu.linkonce.d*)
                0x00802082                . = ALIGN (0x2)
                0x00802082                _edata = .
                0x00802082                PROVIDE (__data_end, .)

.bss            0x00802082       0xb9
                0x00802082                PROVIDE (__bss_start, .)
 *(.bss)
 *(.bss*)
 .bss.udi_hid_mouse_report_trans_ongoing
                0x00802082        0x1 src/ASF/common/services/usb/class/hid/device/mouse/udi_hid_mouse.o
 .bss.udi_hid_mouse_report
                0x00802083        0x4 src/ASF/common/services/usb/class/hid/device/mouse/udi_hid_mouse.o
 .bss.udi_hid_mouse_b_report_valid
                0x00802087        0x1 src/ASF/common/services/usb/class/hid/device/mouse/udi_hid_mouse.o
 .bss.udi_hid_mouse_protocol
                0x00802088        0x2 src/ASF/common/services/usb/class/hid/device/mouse/udi_hid_mouse.o
 .bss.udi_hid_mouse_rate
                0x0080208a        0x2 src/ASF/common/services/usb/class/hid/device/mouse/udi_hid_mouse.o
 .bss.udc_ep_status.4541
                0x0080208c        0x2 src/ASF/common/services/usb/udc/udc.o
 .bss.udc_ptr_iface
                0x0080208e        0x2 src/ASF/common/services/usb/udc/udc.o
 .bss.udc_ptr_conf
                0x00802090        0x2 src/ASF/common/services/usb/udc/udc.o
 .bss.udc_num_configuration
                0x00802092        0x2 src/ASF/common/services/usb/udc/udc.o
 .bss.udc_iface_setting
                0x00802094        0x2 src/ASF/common/services/usb/udc/udc.o
 .bss.udc_device_status
                0x00802096        0x2 src/ASF/common/services/usb/udc/udc.o
 .bss.b_shortpacket.5250
                0x00802098        0x1 src/ASF/xmega/drivers/usb/usb_device.o
 .bss.udd_ep_out_cache_buffer
                0x00802099       0x40 src/ASF/xmega/drivers/usb/usb_device.o
 .bss.udd_ep_job
                0x008020d9       0x12 src/ASF/xmega/drivers/usb/usb_device.o
 .bss.udd_ctrl_buffer
                0x008020eb        0x8 src/ASF/xmega/drivers/usb/usb_device.o
 .bss.udd_ctrl_payload_nb_trans
                0x008020f3        0x2 src/ASF/xmega/drivers/usb/usb_device.o
 .bss.udd_ctrl_prev_payload_nb_trans
                0x008020f5        0x2 src/ASF/xmega/drivers/usb/usb_device.o
 .bss.udd_ep_control_state
                0x008020f7        0x1 src/ASF/xmega/drivers/usb/usb_device.o
 .bss.udd_sram  0x008020f8       0x2c src/ASF/xmega/drivers/usb/usb_device.o
 .bss.udd_b_idle
                0x00802124        0x1 src/ASF/xmega/drivers/usb/usb_device.o
 *(COMMON)
 COMMON         0x00802125       0x10 src/ASF/xmega/drivers/usb/usb_device.o
                0x00802125                udd_g_ctrlreq
 COMMON         0x00802135        0x6 src/ASF/common/services/sleepmgr/xmega/sleepmgr.o
                0x00802135                sleepmgr_locks
                0x0080213b                PROVIDE (__bss_end, .)
                0x00001a36                __data_load_start = LOADADDR (.data)
                0x00001ab8                __data_load_end = (__data_load_start + SIZEOF (.data))

.noinit         0x0080213b        0x0
                0x0080213b                PROVIDE (__noinit_start, .)
 *(.noinit*)
                0x0080213b                PROVIDE (__noinit_end, .)
                0x0080213b                _end = .
                0x0080213b                PROVIDE (__heap_start, .)

.eeprom         0x00810000        0x0
 *(.eeprom*)
                0x00810000                __eeprom_end = .

.fuse
 *(.fuse)
 *(.lfuse)
 *(.hfuse)
 *(.efuse)

.lock
 *(.lock*)

.signature
 *(.signature*)

.user_signatures
 *(.user_signatures*)

.stab
 *(.stab)

.stabstr
 *(.stabstr)

.stab.excl
 *(.stab.excl)

.stab.exclstr
 *(.stab.exclstr)

.stab.index
 *(.stab.index)

.stab.indexstr
 *(.stab.indexstr)

.comment        0x00000000       0x30
 *(.comment)
 .comment       0x00000000       0x30 main.o
                                 0x31 (size before relaxing)
 .comment       0x00000030       0x31 src/ASF/common/services/usb/class/hid/device/mouse/udi_hid_mouse.o
 .comment       0x00000030       0x31 src/ASF/common/services/usb/udc/udc.o
 .comment       0x00000030       0x31 src/ASF/xmega/drivers/usb/usb_device.o
 .comment       0x00000030       0x31 src/ASF/common/services/usb/class/hid/device/mouse/udi_hid_mouse_desc.o
 .comment       0x00000030       0x31 src/ASF/common/services/usb/class/hid/device/udi_hid.o
 .comment       0x00000030       0x31 src/ASF/common/services/sleepmgr/xmega/sleepmgr.o
 .comment       0x00000030       0x31 src/ASF/common/services/clock/xmega/sysclk.o
 .comment       0x00000030       0x31 src/ASF/common/services/ioport/xmega/ioport_compat.o
 .comment       0x00000030       0x31 src/ASF/xmega/boards/stk600/rc064x/init.o

.note.gnu.avr.deviceinfo
                0x00000000       0x40
 .note.gnu.avr.deviceinfo
                0x00000000       0x40 C:/Program Files (x86)/Atmel/Studio/7.0/Packs/atmel/XMEGAA_DFP/1.0.38/gcc/dev/atxmega128a3u/avrxmega6/crtatxmega128a3u.o

.note.gnu.build-id
 *(.note.gnu.build-id)

.debug
 *(.debug)

.line
 *(.line)

.debug_srcinfo
 *(.debug_srcinfo)

.debug_sfnames
 *(.debug_sfnames)

.debug_aranges  0x00000000      0x358
 *(.debug_aranges)
 .debug_aranges
                0x00000000       0x20 main.o
 .debug_aranges
                0x00000020       0x90 src/ASF/common/services/usb/class/hid/device/mouse/udi_hid_mouse.o
 .debug_aranges
                0x000000b0       0x70 src/ASF/common/services/usb/udc/udc.o
 .debug_aranges
                0x00000120      0x120 src/ASF/xmega/drivers/usb/usb_device.o
 .debug_aranges
                0x00000240       0x18 src/ASF/common/services/usb/class/hid/device/mouse/udi_hid_mouse_desc.o
 .debug_aranges
                0x00000258       0x20 src/ASF/common/services/usb/class/hid/device/udi_hid.o
 .debug_aranges
                0x00000278       0x18 src/ASF/common/services/sleepmgr/xmega/sleepmgr.o
 .debug_aranges
                0x00000290       0x40 src/ASF/common/services/clock/xmega/sysclk.o
 .debug_aranges
                0x000002d0       0x28 src/ASF/xmega/drivers/nvm/nvm_asm.o
 .debug_aranges
                0x000002f8       0x20 src/ASF/xmega/drivers/cpu/ccp.o
 .debug_aranges
                0x00000318       0x20 src/ASF/common/services/ioport/xmega/ioport_compat.o
 .debug_aranges
                0x00000338       0x20 src/ASF/xmega/boards/stk600/rc064x/init.o

.debug_pubnames
 *(.debug_pubnames)

.debug_info     0x00000000     0x5553
 *(.debug_info .gnu.linkonce.wi.*)
 .debug_info    0x00000000      0x35a main.o
 .debug_info    0x0000035a      0x713 src/ASF/common/services/usb/class/hid/device/mouse/udi_hid_mouse.o
 .debug_info    0x00000a6d     0x10ed src/ASF/common/services/usb/udc/udc.o
 .debug_info    0x00001b5a     0x1d22 src/ASF/xmega/drivers/usb/usb_device.o
 .debug_info    0x0000387c      0x682 src/ASF/common/services/usb/class/hid/device/mouse/udi_hid_mouse_desc.o
 .debug_info    0x00003efe      0x41b src/ASF/common/services/usb/class/hid/device/udi_hid.o
 .debug_info    0x00004319      0x121 src/ASF/common/services/sleepmgr/xmega/sleepmgr.o
 .debug_info    0x0000443a      0x705 src/ASF/common/services/clock/xmega/sysclk.o
 .debug_info    0x00004b3f       0x96 src/ASF/xmega/drivers/nvm/nvm_asm.o
 .debug_info    0x00004bd5       0x96 src/ASF/xmega/drivers/cpu/ccp.o
 .debug_info    0x00004c6b      0x11d src/ASF/common/services/ioport/xmega/ioport_compat.o
 .debug_info    0x00004d88      0x7cb src/ASF/xmega/boards/stk600/rc064x/init.o

.debug_abbrev   0x00000000     0x1532
 *(.debug_abbrev)
 .debug_abbrev  0x00000000      0x184 main.o
 .debug_abbrev  0x00000184      0x2a5 src/ASF/common/services/usb/class/hid/device/mouse/udi_hid_mouse.o
 .debug_abbrev  0x00000429      0x3d6 src/ASF/common/services/usb/udc/udc.o
 .debug_abbrev  0x000007ff      0x5c3 src/ASF/xmega/drivers/usb/usb_device.o
 .debug_abbrev  0x00000dc2       0xfe src/ASF/common/services/usb/class/hid/device/mouse/udi_hid_mouse_desc.o
 .debug_abbrev  0x00000ec0      0x17e src/ASF/common/services/usb/class/hid/device/udi_hid.o
 .debug_abbrev  0x0000103e       0x80 src/ASF/common/services/sleepmgr/xmega/sleepmgr.o
 .debug_abbrev  0x000010be      0x25b src/ASF/common/services/clock/xmega/sysclk.o
 .debug_abbrev  0x00001319       0x12 src/ASF/xmega/drivers/nvm/nvm_asm.o
 .debug_abbrev  0x0000132b       0x14 src/ASF/xmega/drivers/cpu/ccp.o
 .debug_abbrev  0x0000133f       0x93 src/ASF/common/services/ioport/xmega/ioport_compat.o
 .debug_abbrev  0x000013d2      0x160 src/ASF/xmega/boards/stk600/rc064x/init.o

.debug_line     0x00000000     0x4fe5
 *(.debug_line .debug_line.* .debug_line_end)
 .debug_line    0x00000000      0x933 main.o
 .debug_line    0x00000933      0x781 src/ASF/common/services/usb/class/hid/device/mouse/udi_hid_mouse.o
 .debug_line    0x000010b4      0x9f3 src/ASF/common/services/usb/udc/udc.o
 .debug_line    0x00001aa7     0x14a4 src/ASF/xmega/drivers/usb/usb_device.o
 .debug_line    0x00002f4b      0x51c src/ASF/common/services/usb/class/hid/device/mouse/udi_hid_mouse_desc.o
 .debug_line    0x00003467      0x61c src/ASF/common/services/usb/class/hid/device/udi_hid.o
 .debug_line    0x00003a83      0x456 src/ASF/common/services/sleepmgr/xmega/sleepmgr.o
 .debug_line    0x00003ed9      0x5fa src/ASF/common/services/clock/xmega/sysclk.o
 .debug_line    0x000044d3      0x11f src/ASF/xmega/drivers/nvm/nvm_asm.o
 .debug_line    0x000045f2       0x6e src/ASF/xmega/drivers/cpu/ccp.o
 .debug_line    0x00004660      0x4b3 src/ASF/common/services/ioport/xmega/ioport_compat.o
 .debug_line    0x00004b13      0x4d2 src/ASF/xmega/boards/stk600/rc064x/init.o

.debug_frame    0x00000000      0x70c
 *(.debug_frame)
 .debug_frame   0x00000000       0x24 main.o
 .debug_frame   0x00000024      0x118 src/ASF/common/services/usb/class/hid/device/mouse/udi_hid_mouse.o
 .debug_frame   0x0000013c      0x114 src/ASF/common/services/usb/udc/udc.o
 .debug_frame   0x00000250      0x3d4 src/ASF/xmega/drivers/usb/usb_device.o
 .debug_frame   0x00000624       0x30 src/ASF/common/services/usb/class/hid/device/udi_hid.o
 .debug_frame   0x00000654       0x64 src/ASF/common/services/clock/xmega/sysclk.o
 .debug_frame   0x000006b8       0x30 src/ASF/common/services/ioport/xmega/ioport_compat.o
 .debug_frame   0x000006e8       0x24 src/ASF/xmega/boards/stk600/rc064x/init.o

.debug_str      0x00000000    0x31096
 *(.debug_str)
 .debug_str     0x00000000    0x2bce8 main.o
                              0x2c393 (size before relaxing)
 .debug_str     0x0002bce8      0x50b src/ASF/common/services/usb/class/hid/device/mouse/udi_hid_mouse.o
                              0x29ee4 (size before relaxing)
 .debug_str     0x0002c1f3      0xb11 src/ASF/common/services/usb/udc/udc.o
                              0x2a506 (size before relaxing)
 .debug_str     0x0002cd04     0x3bd5 src/ASF/xmega/drivers/usb/usb_device.o
                              0x2f41d (size before relaxing)
 .debug_str     0x000308d9      0x168 src/ASF/common/services/usb/class/hid/device/mouse/udi_hid_mouse_desc.o
                              0x29f1f (size before relaxing)
 .debug_str     0x00030a41      0x10e src/ASF/common/services/usb/class/hid/device/udi_hid.o
                              0x29dbd (size before relaxing)
 .debug_str     0x00030b4f       0x35 src/ASF/common/services/sleepmgr/xmega/sleepmgr.o
                              0x27869 (size before relaxing)
 .debug_str     0x00030b84      0x2cd src/ASF/common/services/clock/xmega/sysclk.o
                              0x29025 (size before relaxing)
 .debug_str     0x00030e51       0xab src/ASF/common/services/ioport/xmega/ioport_compat.o
                              0x27b20 (size before relaxing)
 .debug_str     0x00030efc      0x19a src/ASF/xmega/boards/stk600/rc064x/init.o
                              0x288c2 (size before relaxing)

.debug_loc      0x00000000     0x1fc8
 *(.debug_loc)
 .debug_loc     0x00000000       0x50 main.o
 .debug_loc     0x00000050      0x2dd src/ASF/common/services/usb/class/hid/device/mouse/udi_hid_mouse.o
 .debug_loc     0x0000032d      0x4b4 src/ASF/common/services/usb/udc/udc.o
 .debug_loc     0x000007e1     0x11c8 src/ASF/xmega/drivers/usb/usb_device.o
 .debug_loc     0x000019a9      0x3ba src/ASF/common/services/usb/class/hid/device/udi_hid.o
 .debug_loc     0x00001d63      0x1ff src/ASF/common/services/clock/xmega/sysclk.o
 .debug_loc     0x00001f62       0x66 src/ASF/common/services/ioport/xmega/ioport_compat.o

.debug_macinfo
 *(.debug_macinfo)

.debug_weaknames
 *(.debug_weaknames)

.debug_funcnames
 *(.debug_funcnames)

.debug_typenames
 *(.debug_typenames)

.debug_varnames
 *(.debug_varnames)

.debug_pubtypes
 *(.debug_pubtypes)

.debug_ranges   0x00000000      0x2e0
 *(.debug_ranges)
 .debug_ranges  0x00000000       0x10 main.o
 .debug_ranges  0x00000010       0x80 src/ASF/common/services/usb/class/hid/device/mouse/udi_hid_mouse.o
 .debug_ranges  0x00000090       0x78 src/ASF/common/services/usb/udc/udc.o
 .debug_ranges  0x00000108      0x140 src/ASF/xmega/drivers/usb/usb_device.o
 .debug_ranges  0x00000248       0x28 src/ASF/common/services/usb/class/hid/device/udi_hid.o
 .debug_ranges  0x00000270       0x30 src/ASF/common/services/clock/xmega/sysclk.o
 .debug_ranges  0x000002a0       0x20 src/ASF/xmega/drivers/nvm/nvm_asm.o
 .debug_ranges  0x000002c0       0x10 src/ASF/common/services/ioport/xmega/ioport_compat.o
 .debug_ranges  0x000002d0       0x10 src/ASF/xmega/boards/stk600/rc064x/init.o

.debug_macro    0x00000000     0xb4c0
 *(.debug_macro)
 .debug_macro   0x00000000      0x330 main.o
 .debug_macro   0x00000330      0xa8a main.o
 .debug_macro   0x00000dba       0x10 main.o
 .debug_macro   0x00000dca      0x1ad main.o
 .debug_macro   0x00000f77      0x293 main.o
 .debug_macro   0x0000120a       0x9e main.o
 .debug_macro   0x000012a8     0x5e2d main.o
 .debug_macro   0x000070d5       0x9a main.o
 .debug_macro   0x0000716f       0xf1 main.o
 .debug_macro   0x00007260       0x34 main.o
 .debug_macro   0x00007294       0x10 main.o
 .debug_macro   0x000072a4       0x18 main.o
 .debug_macro   0x000072bc       0x5e main.o
 .debug_macro   0x0000731a       0x10 main.o
 .debug_macro   0x0000732a       0x22 main.o
 .debug_macro   0x0000734c      0x166 main.o
 .debug_macro   0x000074b2       0x1c main.o
 .debug_macro   0x000074ce       0x35 main.o
 .debug_macro   0x00007503       0x66 main.o
 .debug_macro   0x00007569      0x644 main.o
 .debug_macro   0x00007bad       0x97 main.o
 .debug_macro   0x00007c44       0x17 main.o
 .debug_macro   0x00007c5b      0x250 main.o
 .debug_macro   0x00007eab       0x76 main.o
 .debug_macro   0x00007f21       0x16 main.o
 .debug_macro   0x00007f37      0x6e3 main.o
 .debug_macro   0x0000861a       0x10 main.o
 .debug_macro   0x0000862a      0x175 main.o
 .debug_macro   0x0000879f       0x40 main.o
 .debug_macro   0x000087df       0x69 main.o
 .debug_macro   0x00008848       0x32 main.o
 .debug_macro   0x0000887a       0xe4 main.o
 .debug_macro   0x0000895e       0x34 main.o
 .debug_macro   0x00008992       0x82 main.o
 .debug_macro   0x00008a14      0x109 main.o
 .debug_macro   0x00008b1d       0x40 main.o
 .debug_macro   0x00008b5d      0x2aa main.o
 .debug_macro   0x00008e07       0xb1 main.o
 .debug_macro   0x00008eb8       0x26 main.o
 .debug_macro   0x00008ede       0x1c main.o
 .debug_macro   0x00008efa       0x42 main.o
 .debug_macro   0x00008f3c       0x10 main.o
 .debug_macro   0x00008f4c       0x22 main.o
 .debug_macro   0x00008f6e       0x7d main.o
 .debug_macro   0x00008feb       0x2f main.o
 .debug_macro   0x0000901a      0x154 main.o
 .debug_macro   0x0000916e       0x3a main.o
 .debug_macro   0x000091a8       0x28 main.o
 .debug_macro   0x000091d0      0x24b main.o
 .debug_macro   0x0000941b      0x162 main.o
 .debug_macro   0x0000957d      0x44f main.o
 .debug_macro   0x000099cc       0x16 main.o
 .debug_macro   0x000099e2       0x24 main.o
 .debug_macro   0x00009a06       0x22 main.o
 .debug_macro   0x00009a28      0x160 main.o
 .debug_macro   0x00009b88      0x220 src/ASF/common/services/usb/class/hid/device/mouse/udi_hid_mouse.o
 .debug_macro   0x00009da8       0x34 src/ASF/common/services/usb/class/hid/device/mouse/udi_hid_mouse.o
 .debug_macro   0x00009ddc       0x1c src/ASF/common/services/usb/class/hid/device/mouse/udi_hid_mouse.o
 .debug_macro   0x00009df8       0x16 src/ASF/common/services/usb/class/hid/device/mouse/udi_hid_mouse.o
 .debug_macro   0x00009e0e      0x207 src/ASF/common/services/usb/udc/udc.o
 .debug_macro   0x0000a015      0x2d0 src/ASF/xmega/drivers/usb/usb_device.o
 .debug_macro   0x0000a2e5      0x46a src/ASF/xmega/drivers/usb/usb_device.o
 .debug_macro   0x0000a74f      0x200 src/ASF/common/services/usb/class/hid/device/mouse/udi_hid_mouse_desc.o
 .debug_macro   0x0000a94f      0x202 src/ASF/common/services/usb/class/hid/device/udi_hid.o
 .debug_macro   0x0000ab51      0x1a3 src/ASF/common/services/sleepmgr/xmega/sleepmgr.o
 .debug_macro   0x0000acf4      0x1db src/ASF/common/services/clock/xmega/sysclk.o
 .debug_macro   0x0000aecf      0x193 src/ASF/common/services/ioport/xmega/ioport_compat.o
 .debug_macro   0x0000b062      0x1ba src/ASF/xmega/boards/stk600/rc064x/init.o
 .debug_macro   0x0000b21c      0x2a4 src/ASF/xmega/boards/stk600/rc064x/init.o
OUTPUT(comparaisonASF.elf elf32-avr)
LOAD linker stubs

.BOOT           0x00020000        0x0
