Archive member included to satisfy reference by file (symbol)

c:/program files (x86)/atmel/studio/7.0/toolchain/avr8/avr8-gnu-toolchain/bin/../lib/gcc/avr/5.4.0/avrxmega6\libgcc.a(_udivmodhi4.o)
                              src/ASF/xmega/drivers/usb/usb_device.o (__udivmodhi4)
c:/program files (x86)/atmel/studio/7.0/toolchain/avr8/avr8-gnu-toolchain/bin/../lib/gcc/avr/5.4.0/avrxmega6\libgcc.a(_exit.o)
                              C:/Program Files (x86)/Atmel/Studio/7.0/Packs/atmel/XMEGAA_DFP/1.1.68/gcc/dev/atxmega128a3u/avrxmega6/crtatxmega128a3u.o (exit)
c:/program files (x86)/atmel/studio/7.0/toolchain/avr8/avr8-gnu-toolchain/bin/../lib/gcc/avr/5.4.0/avrxmega6\libgcc.a(_copy_data.o)
                              main.o (__do_copy_data)
c:/program files (x86)/atmel/studio/7.0/toolchain/avr8/avr8-gnu-toolchain/bin/../lib/gcc/avr/5.4.0/avrxmega6\libgcc.a(_clear_bss.o)
                              main.o (__do_clear_bss)
c:/program files (x86)/atmel/studio/7.0/toolchain/avr8/avr8-gnu-toolchain/bin/../lib/gcc/avr/5.4.0/../../../../avr/lib/avrxmega6\libc.a(malloc.o)
                              serial_communication.o (malloc)
c:/program files (x86)/atmel/studio/7.0/toolchain/avr8/avr8-gnu-toolchain/bin/../lib/gcc/avr/5.4.0/../../../../avr/lib/avrxmega6\libc.a(memcpy.o)
                              src/ASF/common/services/usb/class/cdc/device/udi_cdc.o (memcpy)

Allocating common symbols
Common symbol       size              file

adcb_callback       0x2               src/ASF/xmega/drivers/adc/adc.o
__brkval            0x2               c:/program files (x86)/atmel/studio/7.0/toolchain/avr8/avr8-gnu-toolchain/bin/../lib/gcc/avr/5.4.0/../../../../avr/lib/avrxmega6\libc.a(malloc.o)
udd_g_ctrlreq       0x10              src/ASF/xmega/drivers/usb/usb_device.o
sleepmgr_locks      0x6               src/ASF/common/services/sleepmgr/xmega/sleepmgr.o
comm                0x102             main.o
__flp               0x2               c:/program files (x86)/atmel/studio/7.0/toolchain/avr8/avr8-gnu-toolchain/bin/../lib/gcc/avr/5.4.0/../../../../avr/lib/avrxmega6\libc.a(malloc.o)
stack_gobelet_task  0x12              main.o
adca_callback       0x2               src/ASF/xmega/drivers/adc/adc.o

Discarded input sections

 .data          0x00000000        0x0 C:/Program Files (x86)/Atmel/Studio/7.0/Packs/atmel/XMEGAA_DFP/1.1.68/gcc/dev/atxmega128a3u/avrxmega6/crtatxmega128a3u.o
 .bss           0x00000000        0x0 C:/Program Files (x86)/Atmel/Studio/7.0/Packs/atmel/XMEGAA_DFP/1.1.68/gcc/dev/atxmega128a3u/avrxmega6/crtatxmega128a3u.o
 .text          0x00000000        0x0 ADC_Servo.o
 .data          0x00000000        0x0 ADC_Servo.o
 .bss           0x00000000        0x0 ADC_Servo.o
 .text.adc_init
                0x00000000       0x86 ADC_Servo.o
 .text.adc_read_16
                0x00000000       0x2a ADC_Servo.o
 .text.Servo_init
                0x00000000        0xc ADC_Servo.o
 .text.align_servo
                0x00000000       0x5a ADC_Servo.o
 .comment       0x00000000       0x31 ADC_Servo.o
 .text          0x00000000        0x0 Bours_scheduler.o
 .data          0x00000000        0x0 Bours_scheduler.o
 .bss           0x00000000        0x0 Bours_scheduler.o
 .text          0x00000000        0x0 gobelet.o
 .data          0x00000000        0x0 gobelet.o
 .bss           0x00000000        0x0 gobelet.o
 .text.read_gobelet_sensor_2
                0x00000000        0xc gobelet.o
 .text.read_gobelet_sensor_3
                0x00000000        0xa gobelet.o
 .text          0x00000000        0x0 main.o
 .data          0x00000000        0x0 main.o
 .bss           0x00000000        0x0 main.o
 .text.my_callback_cdc_enable
                0x00000000        0x4 main.o
 .text.my_callback_cdc_disable
                0x00000000        0x2 main.o
 .text.setUp32MhzInternalOsc
                0x00000000       0x1e main.o
 .text          0x00000000        0x0 neo_pixel.o
 .data          0x00000000        0x0 neo_pixel.o
 .bss           0x00000000        0x0 neo_pixel.o
 .text.zero     0x00000000       0x14 neo_pixel.o
 .text.one      0x00000000       0x22 neo_pixel.o
 .text.send_byte
                0x00000000       0x3a neo_pixel.o
 .text.test_neo_pixel
                0x00000000       0x24 neo_pixel.o
 .text.reset_neo_pixel
                0x00000000       0x18 neo_pixel.o
 .text          0x00000000        0x0 serial_communication.o
 .data          0x00000000        0x0 serial_communication.o
 .bss           0x00000000        0x0 serial_communication.o
 .text          0x00000000        0x0 src/ASF/common/services/usb/class/cdc/device/udi_cdc.o
 .data          0x00000000        0x0 src/ASF/common/services/usb/class/cdc/device/udi_cdc.o
 .bss           0x00000000        0x0 src/ASF/common/services/usb/class/cdc/device/udi_cdc.o
 .text.udi_cdc_ctrl_state_notify.isra.4
                0x00000000       0x4e src/ASF/common/services/usb/class/cdc/device/udi_cdc.o
 .text.udi_cdc_serial_state_msg_sent
                0x00000000       0x2a src/ASF/common/services/usb/class/cdc/device/udi_cdc.o
 .text.udi_cdc_ctrl_state_change.isra.6
                0x00000000       0x36 src/ASF/common/services/usb/class/cdc/device/udi_cdc.o
 .text.udi_cdc_ctrl_signal_dcd
                0x00000000        0x8 src/ASF/common/services/usb/class/cdc/device/udi_cdc.o
 .text.udi_cdc_ctrl_signal_dsr
                0x00000000        0x8 src/ASF/common/services/usb/class/cdc/device/udi_cdc.o
 .text.udi_cdc_signal_framing_error
                0x00000000        0xa src/ASF/common/services/usb/class/cdc/device/udi_cdc.o
 .text.udi_cdc_signal_parity_error
                0x00000000        0xa src/ASF/common/services/usb/class/cdc/device/udi_cdc.o
 .text.udi_cdc_signal_overrun
                0x00000000        0xa src/ASF/common/services/usb/class/cdc/device/udi_cdc.o
 .text.udi_cdc_multi_ctrl_signal_dcd
                0x00000000        0xa src/ASF/common/services/usb/class/cdc/device/udi_cdc.o
 .text.udi_cdc_multi_ctrl_signal_dsr
                0x00000000        0xa src/ASF/common/services/usb/class/cdc/device/udi_cdc.o
 .text.udi_cdc_multi_signal_framing_error
                0x00000000        0xa src/ASF/common/services/usb/class/cdc/device/udi_cdc.o
 .text.udi_cdc_multi_signal_parity_error
                0x00000000        0xa src/ASF/common/services/usb/class/cdc/device/udi_cdc.o
 .text.udi_cdc_multi_signal_overrun
                0x00000000        0xa src/ASF/common/services/usb/class/cdc/device/udi_cdc.o
 .text.udi_cdc_multi_getc
                0x00000000       0x88 src/ASF/common/services/usb/class/cdc/device/udi_cdc.o
 .text.udi_cdc_getc
                0x00000000        0x6 src/ASF/common/services/usb/class/cdc/device/udi_cdc.o
 .text.udi_cdc_read_no_polling
                0x00000000       0x90 src/ASF/common/services/usb/class/cdc/device/udi_cdc.o
 .text.udi_cdc_get_free_tx_buffer
                0x00000000        0x6 src/ASF/common/services/usb/class/cdc/device/udi_cdc.o
 .text.udi_cdc_is_tx_ready
                0x00000000        0x6 src/ASF/common/services/usb/class/cdc/device/udi_cdc.o
 .text.udi_cdc_multi_putc
                0x00000000       0x80 src/ASF/common/services/usb/class/cdc/device/udi_cdc.o
 .text.udi_cdc_putc
                0x00000000        0x8 src/ASF/common/services/usb/class/cdc/device/udi_cdc.o
 .bss.udi_cdc_serial_state_msg_ongoing
                0x00000000        0x1 src/ASF/common/services/usb/class/cdc/device/udi_cdc.o
 .text          0x00000000        0x0 src/ASF/common/services/usb/class/cdc/device/udi_cdc_desc.o
 .data          0x00000000        0x0 src/ASF/common/services/usb/class/cdc/device/udi_cdc_desc.o
 .bss           0x00000000        0x0 src/ASF/common/services/usb/class/cdc/device/udi_cdc_desc.o
 .text          0x00000000        0x0 src/ASF/common/services/usb/udc/udc.o
 .data          0x00000000        0x0 src/ASF/common/services/usb/udc/udc.o
 .bss           0x00000000        0x0 src/ASF/common/services/usb/udc/udc.o
 .text.udc_get_interface_desc
                0x00000000        0xa src/ASF/common/services/usb/udc/udc.o
 .text.udc_stop
                0x00000000        0x8 src/ASF/common/services/usb/udc/udc.o
 .text          0x00000000        0x0 src/ASF/xmega/drivers/adc/adc.o
 .data          0x00000000        0x0 src/ASF/xmega/drivers/adc/adc.o
 .bss           0x00000000        0x0 src/ASF/xmega/drivers/adc/adc.o
 .text.adc_set_callback
                0x00000000       0x28 src/ASF/xmega/drivers/adc/adc.o
 .text.adc_enable_clock
                0x00000000       0x3e src/ASF/xmega/drivers/adc/adc.o
 .text.adc_disable_clock
                0x00000000       0x3a src/ASF/xmega/drivers/adc/adc.o
 .text.adc_enable
                0x00000000       0x3a src/ASF/xmega/drivers/adc/adc.o
 .text.adc_disable
                0x00000000       0x32 src/ASF/xmega/drivers/adc/adc.o
 .text.adc_is_enabled
                0x00000000       0x24 src/ASF/xmega/drivers/adc/adc.o
 .bss.adcb_enable_count
                0x00000000        0x1 src/ASF/xmega/drivers/adc/adc.o
 .bss.adca_enable_count
                0x00000000        0x1 src/ASF/xmega/drivers/adc/adc.o
 .text          0x00000000        0x0 src/ASF/xmega/drivers/adc/xmega_aau/adc_aau.o
 .data          0x00000000        0x0 src/ASF/xmega/drivers/adc/xmega_aau/adc_aau.o
 .bss           0x00000000        0x0 src/ASF/xmega/drivers/adc/xmega_aau/adc_aau.o
 .text.adc_write_configuration
                0x00000000       0xbc src/ASF/xmega/drivers/adc/xmega_aau/adc_aau.o
 .text.adc_read_configuration
                0x00000000       0x4a src/ASF/xmega/drivers/adc/xmega_aau/adc_aau.o
 .text.adcch_write_configuration
                0x00000000       0x74 src/ASF/xmega/drivers/adc/xmega_aau/adc_aau.o
 .text.adcch_read_configuration
                0x00000000       0x74 src/ASF/xmega/drivers/adc/xmega_aau/adc_aau.o
 .text          0x00000000        0x0 src/ASF/xmega/drivers/usb/usb_device.o
 .data          0x00000000        0x0 src/ASF/xmega/drivers/usb/usb_device.o
 .bss           0x00000000        0x0 src/ASF/xmega/drivers/usb/usb_device.o
 .text.udd_disable
                0x00000000       0x2c src/ASF/xmega/drivers/usb/usb_device.o
 .text.udd_include_vbus_monitoring
                0x00000000        0x4 src/ASF/xmega/drivers/usb/usb_device.o
 .text.udd_detach
                0x00000000        0xc src/ASF/xmega/drivers/usb/usb_device.o
 .text.udd_send_remotewakeup
                0x00000000       0x24 src/ASF/xmega/drivers/usb/usb_device.o
 .text.udd_ep_wait_stall_clear
                0x00000000       0x4c src/ASF/xmega/drivers/usb/usb_device.o
 .text.udd_ep_is_valid
                0x00000000       0x10 src/ASF/xmega/drivers/usb/usb_device.o
 .text          0x00000000        0x0 src/LT2449.o
 .data          0x00000000        0x0 src/LT2449.o
 .bss           0x00000000        0x0 src/LT2449.o
 .text.LTC2449_init_port
                0x00000000       0x10 src/LT2449.o
 .text.wait_SPI_ltc2449
                0x00000000       0x2e src/LT2449.o
 .text.SPI_togle_sck
                0x00000000       0x1e src/LT2449.o
 .text.SPI_bit_bang
                0x00000000       0xb4 src/LT2449.o
 .text.Read_ltc2449
                0x00000000        0xe src/LT2449.o
 .comment       0x00000000       0x31 src/LT2449.o
 .text          0x00000000        0x0 src/RC522.o
 .data          0x00000000        0x0 src/RC522.o
 .bss           0x00000000        0x0 src/RC522.o
 .text.ReadRawRC
                0x00000000       0x48 src/RC522.o
 .text.WriteRawRC
                0x00000000       0x46 src/RC522.o
 .text.MFRC522_Reset
                0x00000000       0x40 src/RC522.o
 .text.SetBitMask
                0x00000000       0x1a src/RC522.o
 .text.ClearBitMask
                0x00000000       0x1c src/RC522.o
 .text.CalulateCRC
                0x00000000       0x86 src/RC522.o
 .text.PcdComMF522
                0x00000000      0x186 src/RC522.o
 .text.MFRC522_Request
                0x00000000       0x7a src/RC522.o
 .text.MFRC522_Anticoll
                0x00000000       0x92 src/RC522.o
 .text.MFRC522_Select
                0x00000000       0x86 src/RC522.o
 .text.MFRC522_AuthState
                0x00000000       0x7a src/RC522.o
 .text.MFRC522_Read
                0x00000000       0x80 src/RC522.o
 .text.MFRC522_Write
                0x00000000       0xc0 src/RC522.o
 .text.MFRC522_Halt
                0x00000000       0x50 src/RC522.o
 .text.MFRC522_AntennaOn
                0x00000000       0x14 src/RC522.o
 .text.MFRC522_ConfigISOType
                0x00000000       0x54 src/RC522.o
 .text.MFRC522_AntennaOff
                0x00000000        0x8 src/RC522.o
 .text.RFID_Init
                0x00000000       0x12 src/RC522.o
 .comment       0x00000000       0x31 src/RC522.o
 .text          0x00000000        0x0 src/Soft_I2C.o
 .data          0x00000000        0x0 src/Soft_I2C.o
 .bss           0x00000000        0x0 src/Soft_I2C.o
 .text.wait     0x00000000       0x2e src/Soft_I2C.o
 .text.Soft_I2C_Writing_condition
                0x00000000        0x8 src/Soft_I2C.o
 .text.Soft_I2C_Reading_condition
                0x00000000        0x8 src/Soft_I2C.o
 .text.Soft_I2C_init
                0x00000000       0x22 src/Soft_I2C.o
 .text.Soft_I2C_Start
                0x00000000       0x2c src/Soft_I2C.o
 .text.Soft_I2C_Stop
                0x00000000       0x2a src/Soft_I2C.o
 .text.Soft_I2C_scl_High
                0x00000000        0x8 src/Soft_I2C.o
 .text.Soft_I2C_scl_Low
                0x00000000        0x8 src/Soft_I2C.o
 .text.Soft_I2C_sda_High
                0x00000000        0x8 src/Soft_I2C.o
 .text.Soft_I2C_sda_Low
                0x00000000        0x8 src/Soft_I2C.o
 .text.Soft_I2C_write_bit
                0x00000000       0x32 src/Soft_I2C.o
 .text.Soft_I2C_write_port
                0x00000000       0xd6 src/Soft_I2C.o
 .comment       0x00000000       0x31 src/Soft_I2C.o
 .text          0x00000000        0x0 src/Soft_SPI.o
 .data          0x00000000        0x0 src/Soft_SPI.o
 .bss           0x00000000        0x0 src/Soft_SPI.o
 .text.wait_SPI
                0x00000000       0x2e src/Soft_SPI.o
 .text.hard_spi_init
                0x00000000       0x1e src/Soft_SPI.o
 .text.spiclose
                0x00000000        0xe src/Soft_SPI.o
 .text.spi      0x00000000       0x12 src/Soft_SPI.o
 .bss.SPIDir    0x00000000        0x1 src/Soft_SPI.o
 .comment       0x00000000       0x31 src/Soft_SPI.o
 .text          0x00000000        0x0 src/ASF/common/services/sleepmgr/xmega/sleepmgr.o
 .data          0x00000000        0x0 src/ASF/common/services/sleepmgr/xmega/sleepmgr.o
 .bss           0x00000000        0x0 src/ASF/common/services/sleepmgr/xmega/sleepmgr.o
 .data.sleepmgr_configs
                0x00000000        0x6 src/ASF/common/services/sleepmgr/xmega/sleepmgr.o
 .text          0x00000000        0x0 src/ASF/common/services/clock/xmega/sysclk.o
 .data          0x00000000        0x0 src/ASF/common/services/clock/xmega/sysclk.o
 .bss           0x00000000        0x0 src/ASF/common/services/clock/xmega/sysclk.o
 .text.sysclk_disable_module
                0x00000000       0x16 src/ASF/common/services/clock/xmega/sysclk.o
 .text.sysclk_disable_usb
                0x00000000       0x12 src/ASF/common/services/clock/xmega/sysclk.o
 .text          0x00000000        0x0 src/ASF/xmega/drivers/nvm/nvm.o
 .data          0x00000000        0x0 src/ASF/xmega/drivers/nvm/nvm.o
 .bss           0x00000000        0x0 src/ASF/xmega/drivers/nvm/nvm.o
 .text.nvm_wait_until_ready
                0x00000000        0xa src/ASF/xmega/drivers/nvm/nvm.o
 .text.nvm_read_production_signature_row
                0x00000000        0xa src/ASF/xmega/drivers/nvm/nvm.o
 .text.nvm_issue_command
                0x00000000       0x22 src/ASF/xmega/drivers/nvm/nvm.o
 .text.nvm_read_device_serial
                0x00000000       0x64 src/ASF/xmega/drivers/nvm/nvm.o
 .text.nvm_eeprom_read_byte
                0x00000000       0x24 src/ASF/xmega/drivers/nvm/nvm.o
 .text.nvm_eeprom_read_buffer
                0x00000000       0x48 src/ASF/xmega/drivers/nvm/nvm.o
 .text.nvm_eeprom_flush_buffer
                0x00000000       0x1e src/ASF/xmega/drivers/nvm/nvm.o
 .text.nvm_eeprom_load_byte_to_buffer
                0x00000000       0x2a src/ASF/xmega/drivers/nvm/nvm.o
 .text.nvm_eeprom_write_byte
                0x00000000       0x4c src/ASF/xmega/drivers/nvm/nvm.o
 .text.nvm_eeprom_load_page_to_buffer
                0x00000000       0x28 src/ASF/xmega/drivers/nvm/nvm.o
 .text.nvm_eeprom_atomic_write_page
                0x00000000       0x22 src/ASF/xmega/drivers/nvm/nvm.o
 .text.nvm_eeprom_erase_and_write_buffer
                0x00000000       0x7e src/ASF/xmega/drivers/nvm/nvm.o
 .text.nvm_eeprom_split_write_page
                0x00000000       0x22 src/ASF/xmega/drivers/nvm/nvm.o
 .text.nvm_eeprom_fill_buffer_with_value
                0x00000000       0x24 src/ASF/xmega/drivers/nvm/nvm.o
 .text.nvm_eeprom_erase_bytes_in_page
                0x00000000       0x22 src/ASF/xmega/drivers/nvm/nvm.o
 .text.nvm_eeprom_erase_page
                0x00000000       0x12 src/ASF/xmega/drivers/nvm/nvm.o
 .text.nvm_eeprom_erase_bytes_in_all_pages
                0x00000000        0xa src/ASF/xmega/drivers/nvm/nvm.o
 .text.nvm_eeprom_erase_all
                0x00000000        0xa src/ASF/xmega/drivers/nvm/nvm.o
 .text.nvm_issue_flash_range_crc
                0x00000000       0x5a src/ASF/xmega/drivers/nvm/nvm.o
 .text.nvm_flash_read_buffer
                0x00000000       0x4c src/ASF/xmega/drivers/nvm/nvm.o
 .text.nvm_user_sig_read_buffer
                0x00000000       0x40 src/ASF/xmega/drivers/nvm/nvm.o
 .text.nvm_user_sig_write_buffer
                0x00000000      0x136 src/ASF/xmega/drivers/nvm/nvm.o
 .text.nvm_flash_erase_and_write_buffer
                0x00000000      0x14a src/ASF/xmega/drivers/nvm/nvm.o
 .text.nvm_fuses_read
                0x00000000       0x22 src/ASF/xmega/drivers/nvm/nvm.o
 .comment       0x00000000       0x31 src/ASF/xmega/drivers/nvm/nvm.o
 .text          0x00000000        0x0 src/ASF/xmega/drivers/nvm/nvm_asm.o
 .data          0x00000000        0x0 src/ASF/xmega/drivers/nvm/nvm_asm.o
 .bss           0x00000000        0x0 src/ASF/xmega/drivers/nvm/nvm_asm.o
 .BOOT          0x00000000       0x44 src/ASF/xmega/drivers/nvm/nvm_asm.o
 .text          0x00000000        0x0 src/ASF/xmega/drivers/cpu/ccp.o
 .data          0x00000000        0x0 src/ASF/xmega/drivers/cpu/ccp.o
 .bss           0x00000000        0x0 src/ASF/xmega/drivers/cpu/ccp.o
 .text          0x00000000        0x0 src/ASF/common/boards/user_board/init.o
 .data          0x00000000        0x0 src/ASF/common/boards/user_board/init.o
 .bss           0x00000000        0x0 src/ASF/common/boards/user_board/init.o
 .text          0x00000000        0x0 c:/program files (x86)/atmel/studio/7.0/toolchain/avr8/avr8-gnu-toolchain/bin/../lib/gcc/avr/5.4.0/avrxmega6\libgcc.a(_udivmodhi4.o)
 .data          0x00000000        0x0 c:/program files (x86)/atmel/studio/7.0/toolchain/avr8/avr8-gnu-toolchain/bin/../lib/gcc/avr/5.4.0/avrxmega6\libgcc.a(_udivmodhi4.o)
 .bss           0x00000000        0x0 c:/program files (x86)/atmel/studio/7.0/toolchain/avr8/avr8-gnu-toolchain/bin/../lib/gcc/avr/5.4.0/avrxmega6\libgcc.a(_udivmodhi4.o)
 .text.libgcc.mul
                0x00000000        0x0 c:/program files (x86)/atmel/studio/7.0/toolchain/avr8/avr8-gnu-toolchain/bin/../lib/gcc/avr/5.4.0/avrxmega6\libgcc.a(_udivmodhi4.o)
 .text.libgcc   0x00000000        0x0 c:/program files (x86)/atmel/studio/7.0/toolchain/avr8/avr8-gnu-toolchain/bin/../lib/gcc/avr/5.4.0/avrxmega6\libgcc.a(_udivmodhi4.o)
 .text.libgcc.prologue
                0x00000000        0x0 c:/program files (x86)/atmel/studio/7.0/toolchain/avr8/avr8-gnu-toolchain/bin/../lib/gcc/avr/5.4.0/avrxmega6\libgcc.a(_udivmodhi4.o)
 .text.libgcc.builtins
                0x00000000        0x0 c:/program files (x86)/atmel/studio/7.0/toolchain/avr8/avr8-gnu-toolchain/bin/../lib/gcc/avr/5.4.0/avrxmega6\libgcc.a(_udivmodhi4.o)
 .text.libgcc.fmul
                0x00000000        0x0 c:/program files (x86)/atmel/studio/7.0/toolchain/avr8/avr8-gnu-toolchain/bin/../lib/gcc/avr/5.4.0/avrxmega6\libgcc.a(_udivmodhi4.o)
 .text.libgcc.fixed
                0x00000000        0x0 c:/program files (x86)/atmel/studio/7.0/toolchain/avr8/avr8-gnu-toolchain/bin/../lib/gcc/avr/5.4.0/avrxmega6\libgcc.a(_udivmodhi4.o)
 .text          0x00000000        0x0 c:/program files (x86)/atmel/studio/7.0/toolchain/avr8/avr8-gnu-toolchain/bin/../lib/gcc/avr/5.4.0/avrxmega6\libgcc.a(_exit.o)
 .data          0x00000000        0x0 c:/program files (x86)/atmel/studio/7.0/toolchain/avr8/avr8-gnu-toolchain/bin/../lib/gcc/avr/5.4.0/avrxmega6\libgcc.a(_exit.o)
 .bss           0x00000000        0x0 c:/program files (x86)/atmel/studio/7.0/toolchain/avr8/avr8-gnu-toolchain/bin/../lib/gcc/avr/5.4.0/avrxmega6\libgcc.a(_exit.o)
 .text.libgcc.mul
                0x00000000        0x0 c:/program files (x86)/atmel/studio/7.0/toolchain/avr8/avr8-gnu-toolchain/bin/../lib/gcc/avr/5.4.0/avrxmega6\libgcc.a(_exit.o)
 .text.libgcc.div
                0x00000000        0x0 c:/program files (x86)/atmel/studio/7.0/toolchain/avr8/avr8-gnu-toolchain/bin/../lib/gcc/avr/5.4.0/avrxmega6\libgcc.a(_exit.o)
 .text.libgcc   0x00000000        0x0 c:/program files (x86)/atmel/studio/7.0/toolchain/avr8/avr8-gnu-toolchain/bin/../lib/gcc/avr/5.4.0/avrxmega6\libgcc.a(_exit.o)
 .text.libgcc.prologue
                0x00000000        0x0 c:/program files (x86)/atmel/studio/7.0/toolchain/avr8/avr8-gnu-toolchain/bin/../lib/gcc/avr/5.4.0/avrxmega6\libgcc.a(_exit.o)
 .text.libgcc.builtins
                0x00000000        0x0 c:/program files (x86)/atmel/studio/7.0/toolchain/avr8/avr8-gnu-toolchain/bin/../lib/gcc/avr/5.4.0/avrxmega6\libgcc.a(_exit.o)
 .text.libgcc.fmul
                0x00000000        0x0 c:/program files (x86)/atmel/studio/7.0/toolchain/avr8/avr8-gnu-toolchain/bin/../lib/gcc/avr/5.4.0/avrxmega6\libgcc.a(_exit.o)
 .text.libgcc.fixed
                0x00000000        0x0 c:/program files (x86)/atmel/studio/7.0/toolchain/avr8/avr8-gnu-toolchain/bin/../lib/gcc/avr/5.4.0/avrxmega6\libgcc.a(_exit.o)
 .text          0x00000000        0x0 c:/program files (x86)/atmel/studio/7.0/toolchain/avr8/avr8-gnu-toolchain/bin/../lib/gcc/avr/5.4.0/avrxmega6\libgcc.a(_copy_data.o)
 .data          0x00000000        0x0 c:/program files (x86)/atmel/studio/7.0/toolchain/avr8/avr8-gnu-toolchain/bin/../lib/gcc/avr/5.4.0/avrxmega6\libgcc.a(_copy_data.o)
 .bss           0x00000000        0x0 c:/program files (x86)/atmel/studio/7.0/toolchain/avr8/avr8-gnu-toolchain/bin/../lib/gcc/avr/5.4.0/avrxmega6\libgcc.a(_copy_data.o)
 .text.libgcc.mul
                0x00000000        0x0 c:/program files (x86)/atmel/studio/7.0/toolchain/avr8/avr8-gnu-toolchain/bin/../lib/gcc/avr/5.4.0/avrxmega6\libgcc.a(_copy_data.o)
 .text.libgcc.div
                0x00000000        0x0 c:/program files (x86)/atmel/studio/7.0/toolchain/avr8/avr8-gnu-toolchain/bin/../lib/gcc/avr/5.4.0/avrxmega6\libgcc.a(_copy_data.o)
 .text.libgcc   0x00000000        0x0 c:/program files (x86)/atmel/studio/7.0/toolchain/avr8/avr8-gnu-toolchain/bin/../lib/gcc/avr/5.4.0/avrxmega6\libgcc.a(_copy_data.o)
 .text.libgcc.prologue
                0x00000000        0x0 c:/program files (x86)/atmel/studio/7.0/toolchain/avr8/avr8-gnu-toolchain/bin/../lib/gcc/avr/5.4.0/avrxmega6\libgcc.a(_copy_data.o)
 .text.libgcc.builtins
                0x00000000        0x0 c:/program files (x86)/atmel/studio/7.0/toolchain/avr8/avr8-gnu-toolchain/bin/../lib/gcc/avr/5.4.0/avrxmega6\libgcc.a(_copy_data.o)
 .text.libgcc.fmul
                0x00000000        0x0 c:/program files (x86)/atmel/studio/7.0/toolchain/avr8/avr8-gnu-toolchain/bin/../lib/gcc/avr/5.4.0/avrxmega6\libgcc.a(_copy_data.o)
 .text.libgcc.fixed
                0x00000000        0x0 c:/program files (x86)/atmel/studio/7.0/toolchain/avr8/avr8-gnu-toolchain/bin/../lib/gcc/avr/5.4.0/avrxmega6\libgcc.a(_copy_data.o)
 .text          0x00000000        0x0 c:/program files (x86)/atmel/studio/7.0/toolchain/avr8/avr8-gnu-toolchain/bin/../lib/gcc/avr/5.4.0/avrxmega6\libgcc.a(_clear_bss.o)
 .data          0x00000000        0x0 c:/program files (x86)/atmel/studio/7.0/toolchain/avr8/avr8-gnu-toolchain/bin/../lib/gcc/avr/5.4.0/avrxmega6\libgcc.a(_clear_bss.o)
 .bss           0x00000000        0x0 c:/program files (x86)/atmel/studio/7.0/toolchain/avr8/avr8-gnu-toolchain/bin/../lib/gcc/avr/5.4.0/avrxmega6\libgcc.a(_clear_bss.o)
 .text.libgcc.mul
                0x00000000        0x0 c:/program files (x86)/atmel/studio/7.0/toolchain/avr8/avr8-gnu-toolchain/bin/../lib/gcc/avr/5.4.0/avrxmega6\libgcc.a(_clear_bss.o)
 .text.libgcc.div
                0x00000000        0x0 c:/program files (x86)/atmel/studio/7.0/toolchain/avr8/avr8-gnu-toolchain/bin/../lib/gcc/avr/5.4.0/avrxmega6\libgcc.a(_clear_bss.o)
 .text.libgcc   0x00000000        0x0 c:/program files (x86)/atmel/studio/7.0/toolchain/avr8/avr8-gnu-toolchain/bin/../lib/gcc/avr/5.4.0/avrxmega6\libgcc.a(_clear_bss.o)
 .text.libgcc.prologue
                0x00000000        0x0 c:/program files (x86)/atmel/studio/7.0/toolchain/avr8/avr8-gnu-toolchain/bin/../lib/gcc/avr/5.4.0/avrxmega6\libgcc.a(_clear_bss.o)
 .text.libgcc.builtins
                0x00000000        0x0 c:/program files (x86)/atmel/studio/7.0/toolchain/avr8/avr8-gnu-toolchain/bin/../lib/gcc/avr/5.4.0/avrxmega6\libgcc.a(_clear_bss.o)
 .text.libgcc.fmul
                0x00000000        0x0 c:/program files (x86)/atmel/studio/7.0/toolchain/avr8/avr8-gnu-toolchain/bin/../lib/gcc/avr/5.4.0/avrxmega6\libgcc.a(_clear_bss.o)
 .text.libgcc.fixed
                0x00000000        0x0 c:/program files (x86)/atmel/studio/7.0/toolchain/avr8/avr8-gnu-toolchain/bin/../lib/gcc/avr/5.4.0/avrxmega6\libgcc.a(_clear_bss.o)
 .text          0x00000000        0x0 c:/program files (x86)/atmel/studio/7.0/toolchain/avr8/avr8-gnu-toolchain/bin/../lib/gcc/avr/5.4.0/../../../../avr/lib/avrxmega6\libc.a(malloc.o)
 .bss           0x00000000        0x0 c:/program files (x86)/atmel/studio/7.0/toolchain/avr8/avr8-gnu-toolchain/bin/../lib/gcc/avr/5.4.0/../../../../avr/lib/avrxmega6\libc.a(malloc.o)
 .text          0x00000000        0x0 c:/program files (x86)/atmel/studio/7.0/toolchain/avr8/avr8-gnu-toolchain/bin/../lib/gcc/avr/5.4.0/../../../../avr/lib/avrxmega6\libc.a(memcpy.o)
 .data          0x00000000        0x0 c:/program files (x86)/atmel/studio/7.0/toolchain/avr8/avr8-gnu-toolchain/bin/../lib/gcc/avr/5.4.0/../../../../avr/lib/avrxmega6\libc.a(memcpy.o)
 .bss           0x00000000        0x0 c:/program files (x86)/atmel/studio/7.0/toolchain/avr8/avr8-gnu-toolchain/bin/../lib/gcc/avr/5.4.0/../../../../avr/lib/avrxmega6\libc.a(memcpy.o)

Memory Configuration

Name             Origin             Length             Attributes
text             0x00000000         0x00100000         xr
data             0x00802000         0x0000ffa0         rw !x
eeprom           0x00810000         0x00010000         rw !x
fuse             0x00820000         0x00000006         rw !x
lock             0x00830000         0x00000400         rw !x
signature        0x00840000         0x00000400         rw !x
user_signatures  0x00850000         0x00000400         rw !x
*default*        0x00000000         0xffffffff

Linker script and memory map

LOAD C:/Program Files (x86)/Atmel/Studio/7.0/Packs/atmel/XMEGAA_DFP/1.1.68/gcc/dev/atxmega128a3u/avrxmega6/crtatxmega128a3u.o
LOAD ADC_Servo.o
LOAD Bours_scheduler.o
LOAD gobelet.o
LOAD main.o
LOAD neo_pixel.o
LOAD serial_communication.o
LOAD src/ASF/common/services/usb/class/cdc/device/udi_cdc.o
LOAD src/ASF/common/services/usb/class/cdc/device/udi_cdc_desc.o
LOAD src/ASF/common/services/usb/udc/udc.o
LOAD src/ASF/xmega/drivers/adc/adc.o
LOAD src/ASF/xmega/drivers/adc/xmega_aau/adc_aau.o
LOAD src/ASF/xmega/drivers/usb/usb_device.o
LOAD src/LT2449.o
LOAD src/RC522.o
LOAD src/Soft_I2C.o
LOAD src/Soft_SPI.o
LOAD src/ASF/common/services/sleepmgr/xmega/sleepmgr.o
LOAD src/ASF/common/services/clock/xmega/sysclk.o
LOAD src/ASF/xmega/drivers/nvm/nvm.o
LOAD src/ASF/xmega/drivers/nvm/nvm_asm.o
LOAD src/ASF/xmega/drivers/cpu/ccp.o
LOAD src/ASF/common/boards/user_board/init.o
START GROUP
LOAD c:/program files (x86)/atmel/studio/7.0/toolchain/avr8/avr8-gnu-toolchain/bin/../lib/gcc/avr/5.4.0/../../../../avr/lib/avrxmega6\libm.a
END GROUP
START GROUP
LOAD c:/program files (x86)/atmel/studio/7.0/toolchain/avr8/avr8-gnu-toolchain/bin/../lib/gcc/avr/5.4.0/avrxmega6\libgcc.a
LOAD c:/program files (x86)/atmel/studio/7.0/toolchain/avr8/avr8-gnu-toolchain/bin/../lib/gcc/avr/5.4.0/../../../../avr/lib/avrxmega6\libm.a
LOAD c:/program files (x86)/atmel/studio/7.0/toolchain/avr8/avr8-gnu-toolchain/bin/../lib/gcc/avr/5.4.0/../../../../avr/lib/avrxmega6\libc.a
LOAD C:/Program Files (x86)/Atmel/Studio/7.0/Packs/atmel/XMEGAA_DFP/1.1.68/gcc/dev/atxmega128a3u/avrxmega6\libatxmega128a3u.a
END GROUP
                0x00100000                __TEXT_REGION_LENGTH__ = DEFINED (__TEXT_REGION_LENGTH__)?__TEXT_REGION_LENGTH__:0x100000
                0x0000ffa0                __DATA_REGION_LENGTH__ = DEFINED (__DATA_REGION_LENGTH__)?__DATA_REGION_LENGTH__:0xffa0
                0x00010000                __EEPROM_REGION_LENGTH__ = DEFINED (__EEPROM_REGION_LENGTH__)?__EEPROM_REGION_LENGTH__:0x10000
                [0x00000006]                __FUSE_REGION_LENGTH__ = DEFINED (__FUSE_REGION_LENGTH__)?__FUSE_REGION_LENGTH__:0x400
                0x00000400                __LOCK_REGION_LENGTH__ = DEFINED (__LOCK_REGION_LENGTH__)?__LOCK_REGION_LENGTH__:0x400
                0x00000400                __SIGNATURE_REGION_LENGTH__ = DEFINED (__SIGNATURE_REGION_LENGTH__)?__SIGNATURE_REGION_LENGTH__:0x400
                0x00000400                __USER_SIGNATURE_REGION_LENGTH__ = DEFINED (__USER_SIGNATURE_REGION_LENGTH__)?__USER_SIGNATURE_REGION_LENGTH__:0x400

.hash
 *(.hash)

.dynsym
 *(.dynsym)

.dynstr
 *(.dynstr)

.gnu.version
 *(.gnu.version)

.gnu.version_d
 *(.gnu.version_d)

.gnu.version_r
 *(.gnu.version_r)

.rel.init
 *(.rel.init)

.rela.init
 *(.rela.init)

.rel.text
 *(.rel.text)
 *(.rel.text.*)
 *(.rel.gnu.linkonce.t*)

.rela.text
 *(.rela.text)
 *(.rela.text.*)
 *(.rela.gnu.linkonce.t*)

.rel.fini
 *(.rel.fini)

.rela.fini
 *(.rela.fini)

.rel.rodata
 *(.rel.rodata)
 *(.rel.rodata.*)
 *(.rel.gnu.linkonce.r*)

.rela.rodata
 *(.rela.rodata)
 *(.rela.rodata.*)
 *(.rela.gnu.linkonce.r*)

.rel.data
 *(.rel.data)
 *(.rel.data.*)
 *(.rel.gnu.linkonce.d*)

.rela.data
 *(.rela.data)
 *(.rela.data.*)
 *(.rela.gnu.linkonce.d*)

.rel.ctors
 *(.rel.ctors)

.rela.ctors
 *(.rela.ctors)

.rel.dtors
 *(.rel.dtors)

.rela.dtors
 *(.rela.dtors)

.rel.got
 *(.rel.got)

.rela.got
 *(.rela.got)

.rel.bss
 *(.rel.bss)

.rela.bss
 *(.rela.bss)

.rel.plt
 *(.rel.plt)

.rela.plt
 *(.rela.plt)

.text           0x00000000     0x2432
 *(.vectors)
 .vectors       0x00000000      0x1fc C:/Program Files (x86)/Atmel/Studio/7.0/Packs/atmel/XMEGAA_DFP/1.1.68/gcc/dev/atxmega128a3u/avrxmega6/crtatxmega128a3u.o
                0x00000000                __vector_default
                0x00000000                __vectors
 *(.vectors)
 *(.progmem.gcc*)
                0x000001fc                . = ALIGN (0x2)
                0x000001fc                __trampolines_start = .
 *(.trampolines)
 .trampolines   0x000001fc        0x0 linker stubs
 *(.trampolines*)
                0x000001fc                __trampolines_end = .
 *libprintf_flt.a:*(.progmem.data)
 *libc.a:*(.progmem.data)
 *(.progmem*)
                0x000001fc                . = ALIGN (0x2)
 *(.jumptables)
 *(.jumptables*)
 *(.lowtext)
 *(.lowtext*)
                0x000001fc                __ctors_start = .
 *(.ctors)
                0x000001fc                __ctors_end = .
                0x000001fc                __dtors_start = .
 *(.dtors)
                0x000001fc                __dtors_end = .
 SORT(*)(.ctors)
 SORT(*)(.dtors)
 *(.init0)
 .init0         0x000001fc        0x0 C:/Program Files (x86)/Atmel/Studio/7.0/Packs/atmel/XMEGAA_DFP/1.1.68/gcc/dev/atxmega128a3u/avrxmega6/crtatxmega128a3u.o
                0x000001fc                __init
 *(.init0)
 *(.init1)
 *(.init1)
 *(.init2)
 .init2         0x000001fc       0x10 C:/Program Files (x86)/Atmel/Studio/7.0/Packs/atmel/XMEGAA_DFP/1.1.68/gcc/dev/atxmega128a3u/avrxmega6/crtatxmega128a3u.o
 *(.init2)
 *(.init3)
 *(.init3)
 *(.init4)
 .init4         0x0000020c       0x1a c:/program files (x86)/atmel/studio/7.0/toolchain/avr8/avr8-gnu-toolchain/bin/../lib/gcc/avr/5.4.0/avrxmega6\libgcc.a(_copy_data.o)
                0x0000020c                __do_copy_data
 .init4         0x00000226       0x10 c:/program files (x86)/atmel/studio/7.0/toolchain/avr8/avr8-gnu-toolchain/bin/../lib/gcc/avr/5.4.0/avrxmega6\libgcc.a(_clear_bss.o)
                0x00000226                __do_clear_bss
 *(.init4)
 *(.init5)
 *(.init5)
 *(.init6)
 *(.init6)
 *(.init7)
 *(.init7)
 *(.init8)
 *(.init8)
 *(.init9)
 .init9         0x00000236        0x6 C:/Program Files (x86)/Atmel/Studio/7.0/Packs/atmel/XMEGAA_DFP/1.1.68/gcc/dev/atxmega128a3u/avrxmega6/crtatxmega128a3u.o
 *(.init9)
 *(.text)
 .text          0x0000023c        0x2 C:/Program Files (x86)/Atmel/Studio/7.0/Packs/atmel/XMEGAA_DFP/1.1.68/gcc/dev/atxmega128a3u/avrxmega6/crtatxmega128a3u.o
                0x0000023c                __vector_38
                0x0000023c                __vector_104
                0x0000023c                __vector_22
                0x0000023c                __vector_63
                0x0000023c                __vector_28
                0x0000023c                __vector_67
                0x0000023c                __vector_1
                0x0000023c                __vector_119
                0x0000023c                __vector_32
                0x0000023c                __vector_75
                0x0000023c                __vector_91
                0x0000023c                __vector_34
                0x0000023c                __vector_62
                0x0000023c                __vector_77
                0x0000023c                __vector_102
                0x0000023c                __vector_24
                0x0000023c                __vector_12
                0x0000023c                __vector_55
                0x0000023c                __vector_69
                0x0000023c                __vector_81
                0x0000023c                __vector_90
                0x0000023c                __vector_46
                0x0000023c                __bad_interrupt
                0x0000023c                __vector_122
                0x0000023c                __vector_114
                0x0000023c                __vector_6
                0x0000023c                __vector_110
                0x0000023c                __vector_31
                0x0000023c                __vector_92
                0x0000023c                __vector_35
                0x0000023c                __vector_78
                0x0000023c                __vector_117
                0x0000023c                __vector_107
                0x0000023c                __vector_3
                0x0000023c                __vector_105
                0x0000023c                __vector_98
                0x0000023c                __vector_23
                0x0000023c                __vector_68
                0x0000023c                __vector_30
                0x0000023c                __vector_45
                0x0000023c                __vector_25
                0x0000023c                __vector_93
                0x0000023c                __vector_61
                0x0000023c                __vector_11
                0x0000023c                __vector_54
                0x0000023c                __vector_99
                0x0000023c                __vector_13
                0x0000023c                __vector_17
                0x0000023c                __vector_19
                0x0000023c                __vector_56
                0x0000023c                __vector_7
                0x0000023c                __vector_49
                0x0000023c                __vector_123
                0x0000023c                __vector_86
                0x0000023c                __vector_100
                0x0000023c                __vector_101
                0x0000023c                __vector_64
                0x0000023c                __vector_88
                0x0000023c                __vector_109
                0x0000023c                __vector_43
                0x0000023c                __vector_27
                0x0000023c                __vector_5
                0x0000023c                __vector_113
                0x0000023c                __vector_33
                0x0000023c                __vector_76
                0x0000023c                __vector_115
                0x0000023c                __vector_47
                0x0000023c                __vector_52
                0x0000023c                __vector_37
                0x0000023c                __vector_95
                0x0000023c                __vector_103
                0x0000023c                __vector_96
                0x0000023c                __vector_89
                0x0000023c                __vector_108
                0x0000023c                __vector_4
                0x0000023c                __vector_44
                0x0000023c                __vector_82
                0x0000023c                __vector_106
                0x0000023c                __vector_118
                0x0000023c                __vector_51
                0x0000023c                __vector_9
                0x0000023c                __vector_2
                0x0000023c                __vector_21
                0x0000023c                __vector_15
                0x0000023c                __vector_66
                0x0000023c                __vector_36
                0x0000023c                __vector_79
                0x0000023c                __vector_58
                0x0000023c                __vector_70
                0x0000023c                __vector_83
                0x0000023c                __vector_29
                0x0000023c                __vector_60
                0x0000023c                __vector_121
                0x0000023c                __vector_85
                0x0000023c                __vector_94
                0x0000023c                __vector_8
                0x0000023c                __vector_26
                0x0000023c                __vector_48
                0x0000023c                __vector_124
                0x0000023c                __vector_116
                0x0000023c                __vector_112
                0x0000023c                __vector_111
                0x0000023c                __vector_80
                0x0000023c                __vector_14
                0x0000023c                __vector_84
                0x0000023c                __vector_57
                0x0000023c                __vector_53
                0x0000023c                __vector_10
                0x0000023c                __vector_50
                0x0000023c                __vector_16
                0x0000023c                __vector_59
                0x0000023c                __vector_18
                0x0000023c                __vector_97
                0x0000023c                __vector_20
                0x0000023c                __vector_87
                0x0000023c                __vector_65
                0x0000023c                __vector_120
                0x0000023e                . = ALIGN (0x2)
 *(.text.*)
 .text.Function_caller
                0x0000023e        0x4 Bours_scheduler.o
                0x0000023e                Function_caller
 .text.init_gobelet
                0x00000242       0x10 gobelet.o
                0x00000242                init_gobelet
 .text.trig_gobelet
                0x00000252       0x1e gobelet.o
                0x00000252                trig_gobelet
 .text.read_gobelet_sensor_1
                0x00000270        0xc gobelet.o
                0x00000270                read_gobelet_sensor_1
 .text.give_me_a_gob
                0x0000027c       0x98 gobelet.o
                0x0000027c                give_me_a_gob
 .text.startup.main
                0x00000314       0xe8 main.o
                0x00000314                main
 .text.init_neo_pixel
                0x000003fc        0xc neo_pixel.o
                0x000003fc                init_neo_pixel
 .text.concat_string
                0x00000408       0x1a serial_communication.o
                0x00000408                concat_string
 .text.compare_string
                0x00000422       0x2e serial_communication.o
                0x00000422                compare_string
 .text.is_eot_present
                0x00000450       0x16 serial_communication.o
                0x00000450                is_eot_present
 .text.get_next_command
                0x00000466       0xa0 serial_communication.o
                0x00000466                get_next_command
 .text.udi_cdc_comm_enable
                0x00000506       0x56 src/ASF/common/services/usb/class/cdc/device/udi_cdc.o
                0x00000506                udi_cdc_comm_enable
 .text.udi_cdc_comm_disable
                0x0000055c        0xc src/ASF/common/services/usb/class/cdc/device/udi_cdc.o
                0x0000055c                udi_cdc_comm_disable
 .text.udi_cdc_data_disable
                0x00000568       0x14 src/ASF/common/services/usb/class/cdc/device/udi_cdc.o
                0x00000568                udi_cdc_data_disable
 .text.udi_cdc_data_setup
                0x0000057c        0x4 src/ASF/common/services/usb/class/cdc/device/udi_cdc.o
                0x0000057c                udi_cdc_data_setup
 .text.udi_cdc_getsetting
                0x00000580        0x4 src/ASF/common/services/usb/class/cdc/device/udi_cdc.o
                0x00000580                udi_cdc_getsetting
 .text.udi_cdc_line_coding_received
                0x00000584        0x2 src/ASF/common/services/usb/class/cdc/device/udi_cdc.o
 .text.udi_cdc_comm_setup
                0x00000586       0x70 src/ASF/common/services/usb/class/cdc/device/udi_cdc.o
                0x00000586                udi_cdc_comm_setup
 .text.udi_cdc_tx_send.isra.1
                0x000005f6      0x13a src/ASF/common/services/usb/class/cdc/device/udi_cdc.o
 .text.udi_cdc_data_sof_notify
                0x00000730        0x2 src/ASF/common/services/usb/class/cdc/device/udi_cdc.o
                0x00000730                udi_cdc_data_sof_notify
 .text.udi_cdc_data_sent
                0x00000732       0x2e src/ASF/common/services/usb/class/cdc/device/udi_cdc.o
 .text.udi_cdc_multi_get_nb_received_data
                0x00000760       0x26 src/ASF/common/services/usb/class/cdc/device/udi_cdc.o
                0x00000760                udi_cdc_multi_get_nb_received_data
 .text.udi_cdc_get_nb_received_data
                0x00000786        0x4 src/ASF/common/services/usb/class/cdc/device/udi_cdc.o
                0x00000786                udi_cdc_get_nb_received_data
 .text.udi_cdc_multi_is_rx_ready
                0x0000078a        0xe src/ASF/common/services/usb/class/cdc/device/udi_cdc.o
                0x0000078a                udi_cdc_multi_is_rx_ready
 .text.udi_cdc_rx_start.isra.7
                0x00000798       0x86 src/ASF/common/services/usb/class/cdc/device/udi_cdc.o
 .text.udi_cdc_data_enable
                0x0000081e       0x68 src/ASF/common/services/usb/class/cdc/device/udi_cdc.o
                0x0000081e                udi_cdc_data_enable
 .text.udi_cdc_data_received
                0x00000886       0x5a src/ASF/common/services/usb/class/cdc/device/udi_cdc.o
 .text.udi_cdc_is_rx_ready
                0x000008e0        0x4 src/ASF/common/services/usb/class/cdc/device/udi_cdc.o
                0x000008e0                udi_cdc_is_rx_ready
 .text.udi_cdc_multi_read_buf
                0x000008e4       0xa6 src/ASF/common/services/usb/class/cdc/device/udi_cdc.o
                0x000008e4                udi_cdc_multi_read_buf
 .text.udi_cdc_read_buf
                0x0000098a        0x8 src/ASF/common/services/usb/class/cdc/device/udi_cdc.o
                0x0000098a                udi_cdc_read_buf
 .text.udi_cdc_multi_get_free_tx_buffer
                0x00000992       0x4c src/ASF/common/services/usb/class/cdc/device/udi_cdc.o
                0x00000992                udi_cdc_multi_get_free_tx_buffer
 .text.udi_cdc_multi_is_tx_ready
                0x000009de        0xe src/ASF/common/services/usb/class/cdc/device/udi_cdc.o
                0x000009de                udi_cdc_multi_is_tx_ready
 .text.udi_cdc_multi_write_buf
                0x000009ec       0xc2 src/ASF/common/services/usb/class/cdc/device/udi_cdc.o
                0x000009ec                udi_cdc_multi_write_buf
 .text.udi_cdc_write_buf
                0x00000aae        0x8 src/ASF/common/services/usb/class/cdc/device/udi_cdc.o
                0x00000aae                udi_cdc_write_buf
 .text.udc_valid_address
                0x00000ab6        0x8 src/ASF/common/services/usb/udc/udc.o
 .text.udc_update_iface_desc
                0x00000abe       0x66 src/ASF/common/services/usb/udc/udc.o
 .text.udc_next_desc_in_iface.constprop.3
                0x00000b24       0x40 src/ASF/common/services/usb/udc/udc.o
 .text.udc_iface_enable
                0x00000b64       0x66 src/ASF/common/services/usb/udc/udc.o
 .text.udc_iface_disable
                0x00000bca       0x80 src/ASF/common/services/usb/udc/udc.o
 .text.udc_start
                0x00000c4a        0x2 src/ASF/common/services/usb/udc/udc.o
                0x00000c4a                udc_start
 .text.udc_reset
                0x00000c4c       0x3e src/ASF/common/services/usb/udc/udc.o
                0x00000c4c                udc_reset
 .text.udc_sof_notify
                0x00000c8a       0x4a src/ASF/common/services/usb/udc/udc.o
                0x00000c8a                udc_sof_notify
 .text.udc_process_setup
                0x00000cd4      0x482 src/ASF/common/services/usb/udc/udc.o
                0x00000cd4                udc_process_setup
 .text.__vector_71
                0x00001156       0x64 src/ASF/xmega/drivers/adc/xmega_aau/adc_aau.o
                0x00001156                __vector_71
 .text.__vector_72
                0x000011ba       0x64 src/ASF/xmega/drivers/adc/xmega_aau/adc_aau.o
                0x000011ba                __vector_72
 .text.__vector_73
                0x0000121e       0x64 src/ASF/xmega/drivers/adc/xmega_aau/adc_aau.o
                0x0000121e                __vector_73
 .text.__vector_74
                0x00001282       0x64 src/ASF/xmega/drivers/adc/xmega_aau/adc_aau.o
                0x00001282                __vector_74
 .text.__vector_39
                0x000012e6       0x64 src/ASF/xmega/drivers/adc/xmega_aau/adc_aau.o
                0x000012e6                __vector_39
 .text.__vector_40
                0x0000134a       0x64 src/ASF/xmega/drivers/adc/xmega_aau/adc_aau.o
                0x0000134a                __vector_40
 .text.__vector_41
                0x000013ae       0x64 src/ASF/xmega/drivers/adc/xmega_aau/adc_aau.o
                0x000013ae                __vector_41
 .text.__vector_42
                0x00001412       0x64 src/ASF/xmega/drivers/adc/xmega_aau/adc_aau.o
                0x00001412                __vector_42
 .text.sleepmgr_lock_mode
                0x00001476       0x1e src/ASF/xmega/drivers/usb/usb_device.o
 .text.sleepmgr_unlock_mode
                0x00001494       0x1e src/ASF/xmega/drivers/usb/usb_device.o
 .text.udd_sleep_mode
                0x000014b2       0x26 src/ASF/xmega/drivers/usb/usb_device.o
 .text.udd_ep_get_ctrl
                0x000014d8       0x2e src/ASF/xmega/drivers/usb/usb_device.o
 .text.udd_ctrl_init
                0x00001506       0x4e src/ASF/xmega/drivers/usb/usb_device.o
 .text.udd_ctrl_stall_data
                0x00001554       0x1c src/ASF/xmega/drivers/usb/usb_device.o
 .text.udd_ctrl_send_zlp_in
                0x00001570       0x1c src/ASF/xmega/drivers/usb/usb_device.o
 .text.udd_ctrl_endofrequest
                0x0000158c       0x10 src/ASF/xmega/drivers/usb/usb_device.o
 .text.udd_ep_get_job
                0x0000159c       0x34 src/ASF/xmega/drivers/usb/usb_device.o
 .text.udd_ep_trans_complet
                0x000015d0      0x200 src/ASF/xmega/drivers/usb/usb_device.o
 .text.udd_ctrl_in_sent
                0x000017d0       0xdc src/ASF/xmega/drivers/usb/usb_device.o
 .text.udd_ctrl_interrupt_tc_setup
                0x000018ac       0xe0 src/ASF/xmega/drivers/usb/usb_device.o
 .text.udd_attach
                0x0000198c       0x46 src/ASF/xmega/drivers/usb/usb_device.o
                0x0000198c                udd_attach
 .text.udd_enable
                0x000019d2       0xd6 src/ASF/xmega/drivers/usb/usb_device.o
                0x000019d2                udd_enable
 .text.udd_is_high_speed
                0x00001aa8        0x4 src/ASF/xmega/drivers/usb/usb_device.o
                0x00001aa8                udd_is_high_speed
 .text.udd_set_address
                0x00001aac        0x6 src/ASF/xmega/drivers/usb/usb_device.o
                0x00001aac                udd_set_address
 .text.udd_getaddress
                0x00001ab2        0x6 src/ASF/xmega/drivers/usb/usb_device.o
                0x00001ab2                udd_getaddress
 .text.udd_get_frame_number
                0x00001ab8        0xa src/ASF/xmega/drivers/usb/usb_device.o
                0x00001ab8                udd_get_frame_number
 .text.udd_get_micro_frame_number
                0x00001ac2        0x6 src/ASF/xmega/drivers/usb/usb_device.o
                0x00001ac2                udd_get_micro_frame_number
 .text.udd_set_setup_payload
                0x00001ac8        0xe src/ASF/xmega/drivers/usb/usb_device.o
                0x00001ac8                udd_set_setup_payload
 .text.udd_ep_alloc
                0x00001ad6       0xa6 src/ASF/xmega/drivers/usb/usb_device.o
                0x00001ad6                udd_ep_alloc
 .text.udd_ep_is_halted
                0x00001b7c        0xe src/ASF/xmega/drivers/usb/usb_device.o
                0x00001b7c                udd_ep_is_halted
 .text.udd_ep_clear_halt
                0x00001b8a       0x3a src/ASF/xmega/drivers/usb/usb_device.o
                0x00001b8a                udd_ep_clear_halt
 .text.udd_ep_run
                0x00001bc4       0xf4 src/ASF/xmega/drivers/usb/usb_device.o
                0x00001bc4                udd_ep_run
 .text.udd_ep_abort
                0x00001cb8       0x60 src/ASF/xmega/drivers/usb/usb_device.o
                0x00001cb8                udd_ep_abort
 .text.udd_ep_free
                0x00001d18       0x12 src/ASF/xmega/drivers/usb/usb_device.o
                0x00001d18                udd_ep_free
 .text.udd_ep_set_halt
                0x00001d2a       0x18 src/ASF/xmega/drivers/usb/usb_device.o
                0x00001d2a                udd_ep_set_halt
 .text.__vector_125
                0x00001d42      0x15e src/ASF/xmega/drivers/usb/usb_device.o
                0x00001d42                __vector_125
 .text.__vector_126
                0x00001ea0      0x1ac src/ASF/xmega/drivers/usb/usb_device.o
                0x00001ea0                __vector_126
 .text.sysclk_init
                0x0000204c       0xa2 src/ASF/common/services/clock/xmega/sysclk.o
                0x0000204c                sysclk_init
 .text.sysclk_enable_module
                0x000020ee       0x18 src/ASF/common/services/clock/xmega/sysclk.o
                0x000020ee                sysclk_enable_module
 .text.sysclk_enable_usb
                0x00002106       0x68 src/ASF/common/services/clock/xmega/sysclk.o
                0x00002106                sysclk_enable_usb
 .text.nvm_read_byte
                0x0000216e       0x14 src/ASF/xmega/drivers/nvm/nvm_asm.o
                0x0000216e                nvm_read_byte
 .text.ccp_write_io
                0x00002182        0xc src/ASF/xmega/drivers/cpu/ccp.o
                0x00002182                ccp_write_io
 .text.board_init
                0x0000218e       0x24 src/ASF/common/boards/user_board/init.o
                0x0000218e                board_init
 .text.libgcc.div
                0x000021b2       0x28 c:/program files (x86)/atmel/studio/7.0/toolchain/avr8/avr8-gnu-toolchain/bin/../lib/gcc/avr/5.4.0/avrxmega6\libgcc.a(_udivmodhi4.o)
                0x000021b2                __udivmodhi4
 .text.avr-libc
                0x000021da      0x242 c:/program files (x86)/atmel/studio/7.0/toolchain/avr8/avr8-gnu-toolchain/bin/../lib/gcc/avr/5.4.0/../../../../avr/lib/avrxmega6\libc.a(malloc.o)
                0x000021da                malloc
                0x0000230a                free
 .text.avr-libc
                0x0000241c       0x12 c:/program files (x86)/atmel/studio/7.0/toolchain/avr8/avr8-gnu-toolchain/bin/../lib/gcc/avr/5.4.0/../../../../avr/lib/avrxmega6\libc.a(memcpy.o)
                0x0000241c                memcpy
                0x0000242e                . = ALIGN (0x2)
 *(.fini9)
 .fini9         0x0000242e        0x0 c:/program files (x86)/atmel/studio/7.0/toolchain/avr8/avr8-gnu-toolchain/bin/../lib/gcc/avr/5.4.0/avrxmega6\libgcc.a(_exit.o)
                0x0000242e                _exit
                0x0000242e                exit
 *(.fini9)
 *(.fini8)
 *(.fini8)
 *(.fini7)
 *(.fini7)
 *(.fini6)
 *(.fini6)
 *(.fini5)
 *(.fini5)
 *(.fini4)
 *(.fini4)
 *(.fini3)
 *(.fini3)
 *(.fini2)
 *(.fini2)
 *(.fini1)
 *(.fini1)
 *(.fini0)
 .fini0         0x0000242e        0x4 c:/program files (x86)/atmel/studio/7.0/toolchain/avr8/avr8-gnu-toolchain/bin/../lib/gcc/avr/5.4.0/avrxmega6\libgcc.a(_exit.o)
 *(.fini0)
                0x00002432                _etext = .

.data           0x00802000       0xa2 load address 0x00002432
                0x00802000                PROVIDE (__data_start, .)
 *(.data)
 .data          0x00802000        0x6 c:/program files (x86)/atmel/studio/7.0/toolchain/avr8/avr8-gnu-toolchain/bin/../lib/gcc/avr/5.4.0/../../../../avr/lib/avrxmega6\libc.a(malloc.o)
                0x00802000                __malloc_heap_end
                0x00802002                __malloc_heap_start
                0x00802004                __malloc_margin
 *(.data*)
 .data.P_gobelet_stack
                0x00802006        0x2 main.o
                0x00802006                P_gobelet_stack
 .data.udi_api_cdc_data
                0x00802008        0xa src/ASF/common/services/usb/class/cdc/device/udi_cdc.o
                0x00802008                udi_api_cdc_data
 .data.udi_api_cdc_comm
                0x00802012        0xa src/ASF/common/services/usb/class/cdc/device/udi_cdc.o
                0x00802012                udi_api_cdc_comm
 .data.udc_config
                0x0080201c        0x6 src/ASF/common/services/usb/class/cdc/device/udi_cdc_desc.o
                0x0080201c                udc_config
 .data.udc_config_fs
                0x00802022        0x4 src/ASF/common/services/usb/class/cdc/device/udi_cdc_desc.o
                0x00802022                udc_config_fs
 .data.udi_apis
                0x00802026        0x4 src/ASF/common/services/usb/class/cdc/device/udi_cdc_desc.o
                0x00802026                udi_apis
 .data.udc_desc_fs
                0x0080202a       0x44 src/ASF/common/services/usb/class/cdc/device/udi_cdc_desc.o
                0x0080202a                udc_desc_fs
 .data.udc_device_desc
                0x0080206e       0x12 src/ASF/common/services/usb/class/cdc/device/udi_cdc_desc.o
                0x0080206e                udc_device_desc
 .data.udc_string_desc_languageid
                0x00802080        0x4 src/ASF/common/services/usb/udc/udc.o
 *(.gnu.linkonce.d*)
 *(.rodata)
 *(.rodata*)
 .rodata.str1.1
                0x00802084        0xb main.o
 .rodata.str1.1
                0x0080208f        0x4 serial_communication.o
 .rodata.CSWTCH.44
                0x00802093        0xe src/ASF/xmega/drivers/usb/usb_device.o
 *(.gnu.linkonce.r*)
                0x008020a2                . = ALIGN (0x2)
 *fill*         0x008020a1        0x1 
                0x008020a2                _edata = .
                0x008020a2                PROVIDE (__data_end, .)

.bss            0x008020a2      0x395
                0x008020a2                PROVIDE (__bss_start, .)
 *(.bss)
 *(.bss*)
 .bss.sof_zlp_counter.5038
                0x008020a2        0x2 src/ASF/common/services/usb/class/cdc/device/udi_cdc.o
 .bss.udi_cdc_tx_both_buf_to_send
                0x008020a4        0x1 src/ASF/common/services/usb/class/cdc/device/udi_cdc.o
 .bss.udi_cdc_tx_trans_ongoing
                0x008020a5        0x1 src/ASF/common/services/usb/class/cdc/device/udi_cdc.o
 .bss.udi_cdc_tx_sof_num
                0x008020a6        0x2 src/ASF/common/services/usb/class/cdc/device/udi_cdc.o
 .bss.udi_cdc_tx_buf_sel
                0x008020a8        0x1 src/ASF/common/services/usb/class/cdc/device/udi_cdc.o
 .bss.udi_cdc_tx_buf_nb
                0x008020a9        0x4 src/ASF/common/services/usb/class/cdc/device/udi_cdc.o
 *fill*         0x008020ad        0x1 
 .bss.udi_cdc_tx_buf
                0x008020ae       0x80 src/ASF/common/services/usb/class/cdc/device/udi_cdc.o
 .bss.udi_cdc_rx_trans_ongoing
                0x0080212e        0x1 src/ASF/common/services/usb/class/cdc/device/udi_cdc.o
 .bss.udi_cdc_rx_pos
                0x0080212f        0x2 src/ASF/common/services/usb/class/cdc/device/udi_cdc.o
 .bss.udi_cdc_rx_buf_sel
                0x00802131        0x1 src/ASF/common/services/usb/class/cdc/device/udi_cdc.o
 .bss.udi_cdc_rx_buf_nb
                0x00802132        0x4 src/ASF/common/services/usb/class/cdc/device/udi_cdc.o
 .bss.udi_cdc_rx_buf
                0x00802136       0x80 src/ASF/common/services/usb/class/cdc/device/udi_cdc.o
 .bss.udi_cdc_data_running
                0x008021b6        0x1 src/ASF/common/services/usb/class/cdc/device/udi_cdc.o
 .bss.udi_cdc_nb_data_enabled
                0x008021b7        0x1 src/ASF/common/services/usb/class/cdc/device/udi_cdc.o
 .bss.udi_cdc_nb_comm_enabled
                0x008021b8        0x1 src/ASF/common/services/usb/class/cdc/device/udi_cdc.o
 *fill*         0x008021b9        0x1 
 .bss.uid_cdc_state_msg
                0x008021ba        0xa src/ASF/common/services/usb/class/cdc/device/udi_cdc.o
 .bss.udi_cdc_state
                0x008021c4        0x2 src/ASF/common/services/usb/class/cdc/device/udi_cdc.o
 .bss.udi_cdc_line_coding
                0x008021c6        0x8 src/ASF/common/services/usb/class/cdc/device/udi_cdc.o
 .bss.udc_ep_status.4731
                0x008021ce        0x2 src/ASF/common/services/usb/udc/udc.o
 .bss.udc_ptr_iface
                0x008021d0        0x2 src/ASF/common/services/usb/udc/udc.o
 .bss.udc_ptr_conf
                0x008021d2        0x2 src/ASF/common/services/usb/udc/udc.o
 .bss.udc_num_configuration
                0x008021d4        0x2 src/ASF/common/services/usb/udc/udc.o
 .bss.udc_iface_setting
                0x008021d6        0x2 src/ASF/common/services/usb/udc/udc.o
 .bss.udc_device_status
                0x008021d8        0x2 src/ASF/common/services/usb/udc/udc.o
 .bss.b_shortpacket.5449
                0x008021da        0x1 src/ASF/xmega/drivers/usb/usb_device.o
 .bss.udd_ep_out_cache_buffer
                0x008021db       0x80 src/ASF/xmega/drivers/usb/usb_device.o
 .bss.udd_ep_job
                0x0080225b       0x24 src/ASF/xmega/drivers/usb/usb_device.o
 .bss.udd_ctrl_buffer
                0x0080227f       0x40 src/ASF/xmega/drivers/usb/usb_device.o
 .bss.udd_ctrl_payload_nb_trans
                0x008022bf        0x2 src/ASF/xmega/drivers/usb/usb_device.o
 .bss.udd_ctrl_prev_payload_nb_trans
                0x008022c1        0x2 src/ASF/xmega/drivers/usb/usb_device.o
 .bss.udd_ep_control_state
                0x008022c3        0x1 src/ASF/xmega/drivers/usb/usb_device.o
 .bss.udd_sram  0x008022c4       0x40 src/ASF/xmega/drivers/usb/usb_device.o
 .bss.udd_b_idle
                0x00802304        0x1 src/ASF/xmega/drivers/usb/usb_device.o
 *(COMMON)
 COMMON         0x00802305      0x114 main.o
                0x00802305                comm
                0x00802407                stack_gobelet_task
 COMMON         0x00802419        0x4 src/ASF/xmega/drivers/adc/adc.o
                0x00802419                adcb_callback
                0x0080241b                adca_callback
 COMMON         0x0080241d       0x10 src/ASF/xmega/drivers/usb/usb_device.o
                0x0080241d                udd_g_ctrlreq
 COMMON         0x0080242d        0x6 src/ASF/common/services/sleepmgr/xmega/sleepmgr.o
                0x0080242d                sleepmgr_locks
 COMMON         0x00802433        0x4 c:/program files (x86)/atmel/studio/7.0/toolchain/avr8/avr8-gnu-toolchain/bin/../lib/gcc/avr/5.4.0/../../../../avr/lib/avrxmega6\libc.a(malloc.o)
                0x00802433                __brkval
                0x00802435                __flp
                0x00802437                PROVIDE (__bss_end, .)
                0x00002432                __data_load_start = LOADADDR (.data)
                0x000024d4                __data_load_end = (__data_load_start + SIZEOF (.data))

.noinit         0x00802437        0x0
                [!provide]                PROVIDE (__noinit_start, .)
 *(.noinit*)
                [!provide]                PROVIDE (__noinit_end, .)
                0x00802437                _end = .
                0x00802437                PROVIDE (__heap_start, .)

.eeprom         0x00810000        0x0
 *(.eeprom*)
                0x00810000                __eeprom_end = .

.fuse
 *(.fuse)
 *(.lfuse)
 *(.hfuse)
 *(.efuse)

.lock
 *(.lock*)

.signature
 *(.signature*)

.user_signatures
 *(.user_signatures*)

.stab
 *(.stab)

.stabstr
 *(.stabstr)

.stab.excl
 *(.stab.excl)

.stab.exclstr
 *(.stab.exclstr)

.stab.index
 *(.stab.index)

.stab.indexstr
 *(.stab.indexstr)

.comment        0x00000000       0x30
 *(.comment)
 .comment       0x00000000       0x30 Bours_scheduler.o
                                 0x31 (size before relaxing)
 .comment       0x00000030       0x31 gobelet.o
 .comment       0x00000030       0x31 main.o
 .comment       0x00000030       0x31 neo_pixel.o
 .comment       0x00000030       0x31 serial_communication.o
 .comment       0x00000030       0x31 src/ASF/common/services/usb/class/cdc/device/udi_cdc.o
 .comment       0x00000030       0x31 src/ASF/common/services/usb/class/cdc/device/udi_cdc_desc.o
 .comment       0x00000030       0x31 src/ASF/common/services/usb/udc/udc.o
 .comment       0x00000030       0x31 src/ASF/xmega/drivers/adc/adc.o
 .comment       0x00000030       0x31 src/ASF/xmega/drivers/adc/xmega_aau/adc_aau.o
 .comment       0x00000030       0x31 src/ASF/xmega/drivers/usb/usb_device.o
 .comment       0x00000030       0x31 src/ASF/common/services/sleepmgr/xmega/sleepmgr.o
 .comment       0x00000030       0x31 src/ASF/common/services/clock/xmega/sysclk.o
 .comment       0x00000030       0x31 src/ASF/common/boards/user_board/init.o
 .comment       0x00000030       0x31 c:/program files (x86)/atmel/studio/7.0/toolchain/avr8/avr8-gnu-toolchain/bin/../lib/gcc/avr/5.4.0/../../../../avr/lib/avrxmega6\libc.a(malloc.o)

.note.gnu.avr.deviceinfo
                0x00000000       0x40
 .note.gnu.avr.deviceinfo
                0x00000000       0x40 C:/Program Files (x86)/Atmel/Studio/7.0/Packs/atmel/XMEGAA_DFP/1.1.68/gcc/dev/atxmega128a3u/avrxmega6/crtatxmega128a3u.o

.note.gnu.build-id
 *(.note.gnu.build-id)

.debug
 *(.debug)

.line
 *(.line)

.debug_srcinfo
 *(.debug_srcinfo)

.debug_sfnames
 *(.debug_sfnames)

.debug_aranges  0x00000000       0x48
 *(.debug_aranges)
 .debug_aranges
                0x00000000       0x28 src/ASF/xmega/drivers/nvm/nvm_asm.o
 .debug_aranges
                0x00000028       0x20 src/ASF/xmega/drivers/cpu/ccp.o

.debug_pubnames
 *(.debug_pubnames)

.debug_info     0x00000000     0x3529
 *(.debug_info .gnu.linkonce.wi.*)
 .debug_info    0x00000000     0x3409 C:/Program Files (x86)/Atmel/Studio/7.0/Packs/atmel/XMEGAA_DFP/1.1.68/gcc/dev/atxmega128a3u/avrxmega6/crtatxmega128a3u.o
 .debug_info    0x00003409       0x90 src/ASF/xmega/drivers/nvm/nvm_asm.o
 .debug_info    0x00003499       0x90 src/ASF/xmega/drivers/cpu/ccp.o

.debug_abbrev   0x00000000     0x316e
 *(.debug_abbrev)
 .debug_abbrev  0x00000000     0x3148 C:/Program Files (x86)/Atmel/Studio/7.0/Packs/atmel/XMEGAA_DFP/1.1.68/gcc/dev/atxmega128a3u/avrxmega6/crtatxmega128a3u.o
 .debug_abbrev  0x00003148       0x12 src/ASF/xmega/drivers/nvm/nvm_asm.o
 .debug_abbrev  0x0000315a       0x14 src/ASF/xmega/drivers/cpu/ccp.o

.debug_line     0x00000000      0x52a
 *(.debug_line .debug_line.* .debug_line_end)
 .debug_line    0x00000000      0x39d C:/Program Files (x86)/Atmel/Studio/7.0/Packs/atmel/XMEGAA_DFP/1.1.68/gcc/dev/atxmega128a3u/avrxmega6/crtatxmega128a3u.o
 .debug_line    0x0000039d      0x11f src/ASF/xmega/drivers/nvm/nvm_asm.o
 .debug_line    0x000004bc       0x6e src/ASF/xmega/drivers/cpu/ccp.o

.debug_frame
 *(.debug_frame)

.debug_str      0x00000000     0x223b
 *(.debug_str)
 .debug_str     0x00000000     0x223b C:/Program Files (x86)/Atmel/Studio/7.0/Packs/atmel/XMEGAA_DFP/1.1.68/gcc/dev/atxmega128a3u/avrxmega6/crtatxmega128a3u.o

.debug_loc
 *(.debug_loc)

.debug_macinfo
 *(.debug_macinfo)

.debug_weaknames
 *(.debug_weaknames)

.debug_funcnames
 *(.debug_funcnames)

.debug_typenames
 *(.debug_typenames)

.debug_varnames
 *(.debug_varnames)

.debug_pubtypes
 *(.debug_pubtypes)

.debug_ranges   0x00000000       0x20
 *(.debug_ranges)
 .debug_ranges  0x00000000       0x20 src/ASF/xmega/drivers/nvm/nvm_asm.o

.debug_macro
 *(.debug_macro)
OUTPUT(Main_board.elf elf32-avr)
LOAD linker stubs
